Archive member included to satisfy reference by file (symbol)

d:/rt-threadstudio/repo/extract/toolchain_support_packages/arm/gnu_tools_for_arm_embedded_processors/10.2.1/bin/../lib/gcc/arm-none-eabi/10.2.1/../../../../arm-none-eabi/lib/thumb/v8-m.main+fp/hard\libm.a(lib_a-s_cos.o)
                              ./src/Hardware/FFT.o (cos)
d:/rt-threadstudio/repo/extract/toolchain_support_packages/arm/gnu_tools_for_arm_embedded_processors/10.2.1/bin/../lib/gcc/arm-none-eabi/10.2.1/../../../../arm-none-eabi/lib/thumb/v8-m.main+fp/hard\libm.a(lib_a-s_round.o)
                              ./src/Hardware/FFT.o (round)
d:/rt-threadstudio/repo/extract/toolchain_support_packages/arm/gnu_tools_for_arm_embedded_processors/10.2.1/bin/../lib/gcc/arm-none-eabi/10.2.1/../../../../arm-none-eabi/lib/thumb/v8-m.main+fp/hard\libm.a(lib_a-s_sin.o)
                              ./src/Hardware/FFT.o (sin)
d:/rt-threadstudio/repo/extract/toolchain_support_packages/arm/gnu_tools_for_arm_embedded_processors/10.2.1/bin/../lib/gcc/arm-none-eabi/10.2.1/../../../../arm-none-eabi/lib/thumb/v8-m.main+fp/hard\libm.a(lib_a-w_sqrt.o)
                              ./src/Hardware/FFT.o (sqrt)
d:/rt-threadstudio/repo/extract/toolchain_support_packages/arm/gnu_tools_for_arm_embedded_processors/10.2.1/bin/../lib/gcc/arm-none-eabi/10.2.1/../../../../arm-none-eabi/lib/thumb/v8-m.main+fp/hard\libm.a(lib_a-e_rem_pio2.o)
                              d:/rt-threadstudio/repo/extract/toolchain_support_packages/arm/gnu_tools_for_arm_embedded_processors/10.2.1/bin/../lib/gcc/arm-none-eabi/10.2.1/../../../../arm-none-eabi/lib/thumb/v8-m.main+fp/hard\libm.a(lib_a-s_cos.o) (__ieee754_rem_pio2)
d:/rt-threadstudio/repo/extract/toolchain_support_packages/arm/gnu_tools_for_arm_embedded_processors/10.2.1/bin/../lib/gcc/arm-none-eabi/10.2.1/../../../../arm-none-eabi/lib/thumb/v8-m.main+fp/hard\libm.a(lib_a-e_sqrt.o)
                              d:/rt-threadstudio/repo/extract/toolchain_support_packages/arm/gnu_tools_for_arm_embedded_processors/10.2.1/bin/../lib/gcc/arm-none-eabi/10.2.1/../../../../arm-none-eabi/lib/thumb/v8-m.main+fp/hard\libm.a(lib_a-w_sqrt.o) (__ieee754_sqrt)
d:/rt-threadstudio/repo/extract/toolchain_support_packages/arm/gnu_tools_for_arm_embedded_processors/10.2.1/bin/../lib/gcc/arm-none-eabi/10.2.1/../../../../arm-none-eabi/lib/thumb/v8-m.main+fp/hard\libm.a(lib_a-k_cos.o)
                              d:/rt-threadstudio/repo/extract/toolchain_support_packages/arm/gnu_tools_for_arm_embedded_processors/10.2.1/bin/../lib/gcc/arm-none-eabi/10.2.1/../../../../arm-none-eabi/lib/thumb/v8-m.main+fp/hard\libm.a(lib_a-s_cos.o) (__kernel_cos)
d:/rt-threadstudio/repo/extract/toolchain_support_packages/arm/gnu_tools_for_arm_embedded_processors/10.2.1/bin/../lib/gcc/arm-none-eabi/10.2.1/../../../../arm-none-eabi/lib/thumb/v8-m.main+fp/hard\libm.a(lib_a-k_rem_pio2.o)
                              d:/rt-threadstudio/repo/extract/toolchain_support_packages/arm/gnu_tools_for_arm_embedded_processors/10.2.1/bin/../lib/gcc/arm-none-eabi/10.2.1/../../../../arm-none-eabi/lib/thumb/v8-m.main+fp/hard\libm.a(lib_a-e_rem_pio2.o) (__kernel_rem_pio2)
d:/rt-threadstudio/repo/extract/toolchain_support_packages/arm/gnu_tools_for_arm_embedded_processors/10.2.1/bin/../lib/gcc/arm-none-eabi/10.2.1/../../../../arm-none-eabi/lib/thumb/v8-m.main+fp/hard\libm.a(lib_a-k_sin.o)
                              d:/rt-threadstudio/repo/extract/toolchain_support_packages/arm/gnu_tools_for_arm_embedded_processors/10.2.1/bin/../lib/gcc/arm-none-eabi/10.2.1/../../../../arm-none-eabi/lib/thumb/v8-m.main+fp/hard\libm.a(lib_a-s_cos.o) (__kernel_sin)
d:/rt-threadstudio/repo/extract/toolchain_support_packages/arm/gnu_tools_for_arm_embedded_processors/10.2.1/bin/../lib/gcc/arm-none-eabi/10.2.1/../../../../arm-none-eabi/lib/thumb/v8-m.main+fp/hard\libm.a(lib_a-s_fabs.o)
                              d:/rt-threadstudio/repo/extract/toolchain_support_packages/arm/gnu_tools_for_arm_embedded_processors/10.2.1/bin/../lib/gcc/arm-none-eabi/10.2.1/../../../../arm-none-eabi/lib/thumb/v8-m.main+fp/hard\libm.a(lib_a-e_rem_pio2.o) (fabs)
d:/rt-threadstudio/repo/extract/toolchain_support_packages/arm/gnu_tools_for_arm_embedded_processors/10.2.1/bin/../lib/gcc/arm-none-eabi/10.2.1/../../../../arm-none-eabi/lib/thumb/v8-m.main+fp/hard\libm.a(lib_a-s_floor.o)
                              d:/rt-threadstudio/repo/extract/toolchain_support_packages/arm/gnu_tools_for_arm_embedded_processors/10.2.1/bin/../lib/gcc/arm-none-eabi/10.2.1/../../../../arm-none-eabi/lib/thumb/v8-m.main+fp/hard\libm.a(lib_a-k_rem_pio2.o) (floor)
d:/rt-threadstudio/repo/extract/toolchain_support_packages/arm/gnu_tools_for_arm_embedded_processors/10.2.1/bin/../lib/gcc/arm-none-eabi/10.2.1/../../../../arm-none-eabi/lib/thumb/v8-m.main+fp/hard\libm.a(lib_a-s_lib_ver.o)
[...]
Memory Configuration

Name             Origin             Length             Attributes
FLASH            0x00000000         0x00100000         xr
RAM              0x20000000         0x00040000         xrw
DATA_FLASH       0x08000000         0x00002000         xr
QSPI_FLASH       0x60000000         0x04000000         xr
OSPI_DEVICE_0    0x68000000         0x08000000         xr
OSPI_DEVICE_1    0x70000000         0x10000000         xr
OSPI_DEVICE_0_RAM 0x68000000         0x08000000         xrw
OSPI_DEVICE_1_RAM 0x70000000         0x10000000         xrw
SDRAM            0x90000000         0x00000000         xrw
OPTION_SETTING   0x0100a100         0x00000100         r
OPTION_SETTING_S 0x0100a200         0x00000100         r
ID_CODE          0x00000000         0x00000000         xr
*default*        0x00000000         0xffffffff

Linker script and memory map

LOAD d:/rt-threadstudio/repo/extract/toolchain_support_packages/arm/gnu_tools_for_arm_embedded_processors/10.2.1/bin/../lib/gcc/arm-none-eabi/10.2.1/thumb/v8-m.main+fp/hard/crti.o
LOAD d:/rt-threadstudio/repo/extract/toolchain_support_packages/arm/gnu_tools_for_arm_embedded_processors/10.2.1/bin/../lib/gcc/arm-none-eabi/10.2.1/thumb/v8-m.main+fp/hard/crtbegin.o
LOAD d:/rt-threadstudio/repo/extract/toolchain_support_packages/arm/gnu_tools_for_arm_embedded_processors/10.2.1/bin/../lib/gcc/arm-none-eabi/10.2.1/../../../../arm-none-eabi/lib/thumb/v8-m.main+fp/hard/crt0.o
LOAD ./src/OLED/OLED_Animation.o
LOAD ./src/OLED/OLED_Driver.o
LOAD ./src/OLED/OLED_GFX.o
LOAD ./src/Hardware/FFT.o
LOAD ./src/Hardware/adc_hal.o
LOAD ./src/Hardware/dtc_hal.o
LOAD ./src/Hardware/elc_hal.o
LOAD ./src/Hardware/gpt_hal.o
LOAD ./src/hal_entry.o
LOAD ./rt-thread/src/clock.o
LOAD ./rt-thread/src/components.o
LOAD ./rt-thread/src/device.o
LOAD ./rt-thread/src/idle.o
LOAD ./rt-thread/src/ipc.o
LOAD ./rt-thread/src/irq.o
LOAD ./rt-thread/src/kservice.o
LOAD ./rt-thread/src/mem.o
LOAD ./rt-thread/src/object.o
LOAD ./rt-thread/src/scheduler.o
LOAD ./rt-thread/src/thread.o
LOAD ./rt-thread/src/timer.o
LOAD ./rt-thread/libcpu/arm/cortex-m4/context_gcc.o
LOAD ./rt-thread/libcpu/arm/cortex-m4/cpuport.o
LOAD ./rt-thread/libcpu/arm/common/backtrace.o
LOAD ./rt-thread/libcpu/arm/common/div0.o
LOAD ./rt-thread/libcpu/arm/common/showmem.o
LOAD ./rt-thread/components/libc/compilers/newlib/syscalls.o
LOAD ./rt-thread/components/libc/compilers/common/stdlib.o
LOAD ./rt-thread/components/libc/compilers/common/time.o
LOAD ./rt-thread/components/finsh/cmd.o
LOAD ./rt-thread/components/finsh/msh.o
LOAD ./rt-thread/components/finsh/shell.o
LOAD ./rt-thread/components/drivers/serial/serial_v2.o
LOAD ./rt-thread/components/drivers/misc/pin.o
LOAD ./rt-thread/components/drivers/ipc/completion.o
LOAD ./rt-thread/components/drivers/ipc/dataqueue.o
LOAD ./rt-thread/components/drivers/ipc/pipe.o
LOAD ./rt-thread/components/drivers/ipc/ringblk_buf.o
LOAD ./rt-thread/components/drivers/ipc/ringbuffer.o
LOAD ./rt-thread/components/drivers/ipc/waitqueue.o
LOAD ./rt-thread/components/drivers/ipc/workqueue.o
LOAD ./ra_gen/common_data.o
LOAD ./ra_gen/elc_data.o
LOAD ./ra_gen/hal_data.o
LOAD ./ra_gen/main.o
LOAD ./ra_gen/pin_data.o
LOAD ./ra_gen/vector_data.o
LOAD ./ra/fsp/src/r_sci_uart/r_sci_uart.o
LOAD ./ra/fsp/src/r_ioport/r_ioport.o
LOAD ./ra/fsp/src/r_gpt/r_gpt.o
LOAD ./ra/fsp/src/r_elc/r_elc.o
LOAD ./ra/fsp/src/r_dtc/r_dtc.o
LOAD ./ra/fsp/src/r_adc/r_adc.o
LOAD ./ra/fsp/src/bsp/mcu/all/bsp_clocks.o
LOAD ./ra/fsp/src/bsp/mcu/all/bsp_common.o
LOAD ./ra/fsp/src/bsp/mcu/all/bsp_delay.o
LOAD ./ra/fsp/src/bsp/mcu/all/bsp_group_irq.o
LOAD ./ra/fsp/src/bsp/mcu/all/bsp_guard.o
LOAD ./ra/fsp/src/bsp/mcu/all/bsp_io.o
LOAD ./ra/fsp/src/bsp/mcu/all/bsp_irq.o
LOAD ./ra/fsp/src/bsp/mcu/all/bsp_register_protection.o
LOAD ./ra/fsp/src/bsp/mcu/all/bsp_rom_registers.o
LOAD ./ra/fsp/src/bsp/mcu/all/bsp_sbrk.o
LOAD ./ra/fsp/src/bsp/mcu/all/bsp_security.o
LOAD ./ra/fsp/src/bsp/cmsis/Device/RENESAS/Source/startup.o
LOAD ./ra/fsp/src/bsp/cmsis/Device/RENESAS/Source/system.o
LOAD ./libraries/HAL_Drivers/drv_common.o
LOAD ./libraries/HAL_Drivers/drv_gpio.o
LOAD ./libraries/HAL_Drivers/drv_usart_v2.o
LOAD ./board/ports/drv_rw007.o
LOAD d:/rt-threadstudio/repo/extract/toolchain_support_packages/arm/gnu_tools_for_arm_embedded_processors/10.2.1/bin/../lib/gcc/arm-none-eabi/10.2.1/../../../../arm-none-eabi/lib/thumb/v8-m.main+fp/hard\libm.a
LOAD d:/rt-threadstudio/repo/extract/toolchain_support_packages/arm/gnu_tools_for_arm_embedded_processors/10.2.1/bin/../lib/gcc/arm-none-eabi/10.2.1/../../../../arm-none-eabi/lib/thumb/v8-m.main+fp/hard\libc.a
START GROUP
LOAD d:/rt-threadstudio/repo/extract/toolchain_support_packages/arm/gnu_tools_for_arm_embedded_processors/10.2.1/bin/../lib/gcc/arm-none-eabi/10.2.1/thumb/v8-m.main+fp/hard\libgcc.a
LOAD d:/rt-threadstudio/repo/extract/toolchain_support_packages/arm/gnu_tools_for_arm_embedded_processors/10.2.1/bin/../lib/gcc/arm-none-eabi/10.2.1/../../../../arm-none-eabi/lib/thumb/v8-m.main+fp/hard\libc.a
END GROUP
LOAD d:/rt-threadstudio/repo/extract/toolchain_support_packages/arm/gnu_tools_for_arm_embedded_processors/10.2.1/bin/../lib/gcc/arm-none-eabi/10.2.1/thumb/v8-m.main+fp/hard/crtend.o
LOAD d:/rt-threadstudio/repo/extract/toolchain_support_packages/arm/gnu_tools_for_arm_embedded_processors/10.2.1/bin/../lib/gcc/arm-none-eabi/10.2.1/thumb/v8-m.main+fp/hard/crtn.o
                0x20000000                RAM_START = 0x20000000
                0x00040000                RAM_LENGTH = 0x40000
                0x00000000                FLASH_START = 0x0
                0x00100000                FLASH_LENGTH = 0x100000
                0x08000000                DATA_FLASH_START = 0x8000000
                0x00002000                DATA_FLASH_LENGTH = 0x2000
                0x0100a100                OPTION_SETTING_START = 0x100a100
                0x00000100                OPTION_SETTING_LENGTH = 0x100
                0x0100a200                OPTION_SETTING_S_START = 0x100a200
                0x00000100                OPTION_SETTING_S_LENGTH = 0x100
                0x00000000                ID_CODE_START = 0x0
                0x00000000                ID_CODE_LENGTH = 0x0
                0x90000000                SDRAM_START = 0x90000000
                0x00000000                SDRAM_LENGTH = 0x0
                0x60000000                QSPI_FLASH_START = 0x60000000
                0x04000000                QSPI_FLASH_LENGTH = 0x4000000
                0x68000000                OSPI_DEVICE_0_START = 0x68000000
                0x08000000                OSPI_DEVICE_0_LENGTH = 0x8000000
                0x70000000                OSPI_DEVICE_1_START = 0x70000000
                0x10000000                OSPI_DEVICE_1_LENGTH = 0x10000000
                0x04000000                QSPI_FLASH_PRV_LENGTH = DEFINED (QSPI_FLASH_SIZE)?ABSOLUTE (QSPI_FLASH_SIZE):ABSOLUTE (QSPI_FLASH_LENGTH)
                0x08000000                OSPI_DEVICE_0_PRV_LENGTH = DEFINED (OSPI_DEVICE_0_SIZE)?ABSOLUTE (OSPI_DEVICE_0_SIZE):ABSOLUTE (OSPI_DEVICE_0_LENGTH)
                0x10000000                OSPI_DEVICE_1_PRV_LENGTH = DEFINED (OSPI_DEVICE_1_SIZE)?ABSOLUTE (OSPI_DEVICE_1_SIZE):ABSOLUTE (OSPI_DEVICE_1_LENGTH)
                0x00000000                __RESERVE_NS_RAM = ((! (DEFINED (PROJECT_NONSECURE)) && DEFINED (RAM_NS_BUFFER_LENGTH)) && (OPTION_SETTING_S_LENGTH != 0x0))
                0x00000000                RAM_NS_BUFFER_BLOCK_LENGTH = DEFINED (RAM_NS_BUFFER_LENGTH)?ALIGN (RAM_NS_BUFFER_LENGTH, 0x2000):0x0
                0x00000000                RAM_NS_BUFFER_LENGTH = DEFINED (RAM_NS_BUFFER_LENGTH)?RAM_NS_BUFFER_LENGTH:0x0
                0x20040000                RAM_NS_BUFFER_START = ((RAM_START + RAM_LENGTH) - RAM_NS_BUFFER_LENGTH)
                0x20040000                RAM_NS_BUFFER_BLOCK_START = ((RAM_START + RAM_LENGTH) - RAM_NS_BUFFER_BLOCK_LENGTH)
                0x0100a180                OPTION_SETTING_START_NS = 0x100a180
                0x00000001                __bl_FSP_BOOTABLE_IMAGE = 0x1
                0x00000001                __bln_FSP_BOOTABLE_IMAGE = 0x1
                0x00000001                PROJECT_SECURE_OR_FLAT = ((! (DEFINED (PROJECT_NONSECURE)) && OPTION_SETTING_LENGTH) && ! (DEFINED (FSP_BOOTABLE_IMAGE)))
                0x00000000                USE_OPTION_SETTING_NS = (DEFINED (PROJECT_NONSECURE) && ! (DEFINED (FSP_BOOTABLE_IMAGE)))
                0x00000000                __bl_FLASH_IMAGE_START = ! (DEFINED (FLASH_BOOTLOADER_LENGTH))?0x0:(FLASH_APPLICATION_IMAGE_NUMBER == 0x1)?(FLASH_BOOTLOADER_LENGTH + FLASH_BOOTLOADER_HEADER_LENGTH):(((FLASH_BOOTLOADER_LENGTH + FLASH_BOOTLOADER_SCRATCH_LENGTH) + FLASH_APPLICATION_S_LENGTH) + FLASH_BOOTLOADER_HEADER_LENGTH)
                0x00000000                __bl_FLASH_IMAGE_LENGTH = ! (DEFINED (FLASH_BOOTLOADER_LENGTH))?0x0:(FLASH_APPLICATION_S_LENGTH - FLASH_BOOTLOADER_HEADER_LENGTH)
                0x00000000                __bl_FLASH_IMAGE_END = (__bl_FLASH_IMAGE_START + __bl_FLASH_IMAGE_LENGTH)
                0x00000000                __bl_FLASH_NS_START = ! (DEFINED (FLASH_BOOTLOADER_LENGTH))?0x0:(FLASH_APPLICATION_NS_LENGTH == 0x0)?__bl_FLASH_IMAGE_END:((__bl_FLASH_IMAGE_START - FLASH_BOOTLOADER_HEADER_LENGTH) + FLASH_APPLICATION_S_LENGTH)
                0x00000000                __bl_FLASH_NSC_START = ! (DEFINED (FLASH_BOOTLOADER_LENGTH))?0x0:(FLASH_APPLICATION_NS_LENGTH == 0x0)?__bl_FLASH_IMAGE_END:(__bl_FLASH_NS_START - FLASH_APPLICATION_NSC_LENGTH)
                0x00000000                __bl_RAM_NS_START = ! (DEFINED (FLASH_BOOTLOADER_LENGTH))?0x0:(FLASH_APPLICATION_NS_LENGTH == 0x0)?(RAM_START + RAM_LENGTH):((RAM_START + RAM_LENGTH) - RAM_APPLICATION_NS_LENGTH)
                0x00000000                __bl_RAM_NSC_START = ! (DEFINED (FLASH_BOOTLOADER_LENGTH))?0x0:(FLASH_APPLICATION_NS_LENGTH == 0x0)?(RAM_START + RAM_LENGTH):(__bl_RAM_NS_START - RAM_APPLICATION_NSC_LENGTH)
                0x00000000                __bl_FLASH_NS_IMAGE_START = ! (DEFINED (FLASH_BOOTLOADER_LENGTH))?0x0:(FLASH_APPLICATION_NS_LENGTH == 0x0)?__bl_FLASH_IMAGE_END:(__bl_FLASH_NS_START + FLASH_BOOTLOADER_HEADER_LENGTH_2)
                0x00000000                __bln_FLASH_IMAGE_START = __bl_FLASH_NS_IMAGE_START
                0x00000000                __bln_FLASH_IMAGE_LENGTH = ! (DEFINED (FLASH_BOOTLOADER_LENGTH))?0x0:(FLASH_APPLICATION_NS_LENGTH == 0x0)?__bl_FLASH_IMAGE_END:(FLASH_APPLICATION_NS_LENGTH - FLASH_BOOTLOADER_HEADER_LENGTH_2)
                0x00000000                FLASH_ORIGIN = DEFINED (FLASH_IMAGE_START)?FLASH_IMAGE_START:FLASH_START
                0x00100000                LIMITED_FLASH_LENGTH = DEFINED (FLASH_IMAGE_LENGTH)?FLASH_IMAGE_LENGTH:DEFINED (FLASH_BOOTLOADER_LENGTH)?FLASH_BOOTLOADER_LENGTH:FLASH_LENGTH
START GROUP
LOAD d:/rt-threadstudio/repo/extract/toolchain_support_packages/arm/gnu_tools_for_arm_embedded_processors/10.2.1/bin/../lib/gcc/arm-none-eabi/10.2.1/thumb/v8-m.main+fp/hard\libgcc.a
LOAD d:/rt-threadstudio/repo/extract/toolchain_support_packages/arm/gnu_tools_for_arm_embedded_processors/10.2.1/bin/../lib/gcc/arm-none-eabi/10.2.1/../../../../arm-none-eabi/lib/thumb/v8-m.main+fp/hard\libc.a
LOAD d:/rt-threadstudio/repo/extract/toolchain_support_packages/arm/gnu_tools_for_arm_embedded_processors/10.2.1/bin/../lib/gcc/arm-none-eabi/10.2.1/../../../../arm-none-eabi/lib/thumb/v8-m.main+fp/hard\libm.a
LOAD d:/rt-threadstudio/repo/extract/toolchain_support_packages/arm/gnu_tools_for_arm_embedded_processors/10.2.1/bin/../lib/gcc/arm-none-eabi/10.2.1/../../../../arm-none-eabi/lib/thumb/v8-m.main+fp/hard\libnosys.a
END GROUP

.text           0x00000000    0x1a6d8
                0x00000000                __tz_FLASH_S = ABSOLUTE (FLASH_START)
                0x00000000                __ROM_Start = .
 *(.fixed_vectors*)
 .fixed_vectors
                0x00000000       0x40 ./ra/fsp/src/bsp/cmsis/Device/RENESAS/Source/startup.o
                0x00000000                __Vectors
 *(.application_vectors*)
 .application_vectors
                0x00000040      0x180 ./ra_gen/vector_data.o
                0x00000040                g_vector_table
                0x000001c0                __Vectors_End = .
                0x000001c0                . = (OPTION_SETTING_LENGTH > 0x0)?.:(__ROM_Start + 0x400)
 *(.rom_registers*)
                0x000001c0                . = (OPTION_SETTING_LENGTH > 0x0)?.:(__ROM_Start + 0x500)
                0x00000200                . = ALIGN (0x80)
 *fill*         0x000001c0       0x40 ff
 *(.mcuboot_sce9_key*)
 *(.text*)
 .text          0x00000200       0x40 d:/rt-threadstudio/repo/extract/toolchain_support_packages/arm/gnu_tools_for_arm_embedded_processors/10.2.1/bin/../lib/gcc/arm-none-eabi/10.2.1/thumb/v8-m.main+fp/hard/crtbegin.o
 .text.OLED_MovMind
                0x00000240      0x180 ./src/OLED/OLED_Animation.o
                0x00000240                OLED_MovMind
 .text.Motion_MindInit
                0x000003c0      0x228 ./src/OLED/OLED_Animation.o
                0x000003c0                Motion_MindInit
 .text.Motion_Mind
                0x000005e8      0x39c ./src/OLED/OLED_Animation.o
                0x000005e8                Motion_Mind
 .text.RandomColor
                0x00000984       0x40 ./src/OLED/OLED_Driver.o
                0x00000984                RandomColor
 .text.Write_Command
                0x000009c4       0x4c ./src/OLED/OLED_Driver.o
                0x000009c4                Write_Command
 .text.Write_Data
                0x00000a10       0x4c ./src/OLED/OLED_Driver.o
                0x00000a10                Write_Data
 .text.RAM_Address
                0x00000a5c       0x2c ./src/OLED/OLED_Driver.o
                0x00000a5c                RAM_Address
 .text.Refrash_Screen
                0x00000a88       0x70 ./src/OLED/OLED_Driver.o
                0x00000a88                Refrash_Screen
 .text.Clear_Screen
                0x00000af8       0x64 ./src/OLED/OLED_Driver.o
                0x00000af8                Clear_Screen
 .text.Draw_Pixel2
                0x00000b5c       0x84 ./src/OLED/OLED_Driver.o
                0x00000b5c                Draw_Pixel2
 .text.Draw_FastHLine2
                0x00000be0       0x5a ./src/OLED/OLED_Driver.o
                0x00000be0                Draw_FastHLine2
 .text.Draw_FastVLine2
                0x00000c3a       0x5a ./src/OLED/OLED_Driver.o
                0x00000c3a                Draw_FastVLine2
 .text.Device_Init
                0x00000c94      0x178 ./src/OLED/OLED_Driver.o
                0x00000c94                Device_Init
 .text.Write_Line2
                0x00000e0c      0x144 ./src/OLED/OLED_GFX.o
                0x00000e0c                Write_Line2
 .text.Draw_Line2
                0x00000f50       0xbc ./src/OLED/OLED_GFX.o
                0x00000f50                Draw_Line2
 .text.FillCircle_Helper2
                0x0000100c      0x154 ./src/OLED/OLED_GFX.o
                0x0000100c                FillCircle_Helper2
 .text.Fill_Circle2
                0x00001160       0x5c ./src/OLED/OLED_GFX.o
                0x00001160                Fill_Circle2
 .text.GRAM_ShowImage
                0x000011bc      0x130 ./src/OLED/OLED_GFX.o
                0x000011bc                GRAM_ShowImage
 *fill*         0x000012ec        0x4 ff
 .text.FFT_Init
                0x000012f0      0x1ac ./src/Hardware/FFT.o
                0x000012f0                FFT_Init
 .text.bit_reversed
                0x0000149c       0x58 ./src/Hardware/FFT.o
                0x0000149c                bit_reversed
 .text.FFT      0x000014f4      0x164 ./src/Hardware/FFT.o
                0x000014f4                FFT
 .text.Quantization_of_FFT_results
                0x00001658      0x158 ./src/Hardware/FFT.o
                0x00001658                Quantization_of_FFT_results
 .text.Display_refresh
                0x000017b0       0x8c ./src/Hardware/FFT.o
                0x000017b0                Display_refresh
 .text.init_hal_adc
                0x0000183c       0x22 ./src/Hardware/adc_hal.o
                0x0000183c                init_hal_adc
 .text.adc_channel_config
                0x0000185e       0x22 ./src/Hardware/adc_hal.o
                0x0000185e                adc_channel_config
 .text.deinit_hal_adc
                0x00001880       0x1c ./src/Hardware/adc_hal.o
                0x00001880                deinit_hal_adc
 .text.scan_start_adc
                0x0000189c       0x1e ./src/Hardware/adc_hal.o
                0x0000189c                scan_start_adc
 .text.adc_read_data
                0x000018ba       0x2e ./src/Hardware/adc_hal.o
                0x000018ba                adc_read_data
 .text.g_adc0_callback
                0x000018e8       0x78 ./src/Hardware/adc_hal.o
                0x000018e8                g_adc0_callback
 .text.deinit_hal_dtc
                0x00001960       0x16 ./src/Hardware/dtc_hal.o
                0x00001960                deinit_hal_dtc
 .text.init_hal_elc
                0x00001976       0x22 ./src/Hardware/elc_hal.o
                0x00001976                init_hal_elc
 .text.elc_enable
                0x00001998       0x1e ./src/Hardware/elc_hal.o
                0x00001998                elc_enable
 .text.deinit_hal_elc
                0x000019b6       0x16 ./src/Hardware/elc_hal.o
                0x000019b6                deinit_hal_elc
 .text.init_hal_gpt
                0x000019cc       0x22 ./src/Hardware/gpt_hal.o
                0x000019cc                init_hal_gpt
 .text.deinit_hal_gpt
                0x000019ee       0x16 ./src/Hardware/gpt_hal.o
                0x000019ee                deinit_hal_gpt
 .text.gpt_timer_start
                0x00001a04       0x1e ./src/Hardware/gpt_hal.o
                0x00001a04                gpt_timer_start
 .text.g_gpt0_callback
                0x00001a22       0x20 ./src/Hardware/gpt_hal.o
                0x00001a22                g_gpt0_callback
 *fill*         0x00001a42        0x2 ff
 .text.hal_entry
                0x00001a44       0xe0 ./src/hal_entry.o
                0x00001a44                hal_entry
 .text.general_signal_acquisition_init
                0x00001b24       0x98 ./src/hal_entry.o
 .text.handle_error
                0x00001bbc       0xe4 ./src/hal_entry.o
 .text.GPIO_Init_OLED
                0x00001ca0      0x630 ./src/hal_entry.o
                0x00001ca0                GPIO_Init_OLED
 .text.rt_tick_get
                0x000022d0       0x18 ./rt-thread/src/clock.o
                0x000022d0                rt_tick_get
 .text.rt_tick_increase
                0x000022e8       0x7c ./rt-thread/src/clock.o
                0x000022e8                rt_tick_increase
 .text.rt_tick_from_millisecond
                0x00002364       0x78 ./rt-thread/src/clock.o
                0x00002364                rt_tick_from_millisecond
 .text.rti_start
                0x000023dc       0x10 ./rt-thread/src/components.o
 .text.rti_board_start
                0x000023ec       0x10 ./rt-thread/src/components.o
 .text.rti_board_end
                0x000023fc       0x10 ./rt-thread/src/components.o
 .text.rti_end  0x0000240c       0x10 ./rt-thread/src/components.o
 .text.rt_components_board_init
                0x0000241c       0x34 ./rt-thread/src/components.o
                0x0000241c                rt_components_board_init
 .text.rt_components_init
                0x00002450       0x34 ./rt-thread/src/components.o
                0x00002450                rt_components_init
 .text.entry    0x00002484        0xe ./rt-thread/src/components.o
                0x00002484                entry
 .text.main_thread_entry
                0x00002492       0x18 ./rt-thread/src/components.o
                0x00002492                main_thread_entry
 *fill*         0x000024aa        0x2 ff
 .text.rt_application_init
                0x000024ac       0x4c ./rt-thread/src/components.o
                0x000024ac                rt_application_init
 .text.rtthread_startup
                0x000024f8       0x2e ./rt-thread/src/components.o
                0x000024f8                rtthread_startup
 .text.rt_device_register
                0x00002526       0x54 ./rt-thread/src/device.o
                0x00002526                rt_device_register
 .text.rt_device_find
                0x0000257a       0x1a ./rt-thread/src/device.o
                0x0000257a                rt_device_find
 .text.rt_device_open
                0x00002594      0x118 ./rt-thread/src/device.o
                0x00002594                rt_device_open
 .text.rt_device_close
                0x000026ac       0x9c ./rt-thread/src/device.o
                0x000026ac                rt_device_close
 .text.rt_device_read
                0x00002748       0x88 ./rt-thread/src/device.o
                0x00002748                rt_device_read
 .text.rt_device_write
                0x000027d0       0x88 ./rt-thread/src/device.o
                0x000027d0                rt_device_write
 .text.rt_device_set_rx_indicate
                0x00002858       0x54 ./rt-thread/src/device.o
                0x00002858                rt_device_set_rx_indicate
 .text.rt_list_insert_after
                0x000028ac       0x32 ./rt-thread/src/idle.o
 .text.rt_list_remove
                0x000028de       0x36 ./rt-thread/src/idle.o
 .text.rt_thread_defunct_enqueue
                0x00002914       0x20 ./rt-thread/src/idle.o
                0x00002914                rt_thread_defunct_enqueue
 .text.rt_thread_defunct_dequeue
                0x00002934       0x44 ./rt-thread/src/idle.o
                0x00002934                rt_thread_defunct_dequeue
 .text.rt_defunct_execute
                0x00002978       0x54 ./rt-thread/src/idle.o
 .text.rt_thread_idle_entry
                0x000029cc       0x38 ./rt-thread/src/idle.o
 .text.rt_thread_idle_init
                0x00002a04       0x78 ./rt-thread/src/idle.o
                0x00002a04                rt_thread_idle_init
 .text.rt_list_init
                0x00002a7c       0x22 ./rt-thread/src/ipc.o
 .text.rt_list_insert_before
                0x00002a9e       0x32 ./rt-thread/src/ipc.o
 .text.rt_list_isempty
                0x00002ad0       0x24 ./rt-thread/src/ipc.o
 .text._ipc_object_init
                0x00002af4       0x1c ./rt-thread/src/ipc.o
 .text._ipc_list_suspend
                0x00002b10       0xa4 ./rt-thread/src/ipc.o
 .text._ipc_list_resume
                0x00002bb4       0x20 ./rt-thread/src/ipc.o
 .text.rt_sem_init
                0x00002bd4       0x88 ./rt-thread/src/ipc.o
                0x00002bd4                rt_sem_init
 .text.rt_sem_take
                0x00002c5c      0x194 ./rt-thread/src/ipc.o
                0x00002c5c                rt_sem_take
 .text.rt_sem_release
                0x00002df0       0xbc ./rt-thread/src/ipc.o
                0x00002df0                rt_sem_release
 .text.rt_mutex_init
                0x00002eac       0x64 ./rt-thread/src/ipc.o
                0x00002eac                rt_mutex_init
 .text.rt_mutex_take
                0x00002f10      0x21c ./rt-thread/src/ipc.o
                0x00002f10                rt_mutex_take
 .text.rt_mutex_release
                0x0000312c      0x1bc ./rt-thread/src/ipc.o
                0x0000312c                rt_mutex_release
 .text.rt_interrupt_enter
                0x000032e8       0x40 ./rt-thread/src/irq.o
                0x000032e8                rt_interrupt_enter
 .text.rt_interrupt_leave
                0x00003328       0x40 ./rt-thread/src/irq.o
                0x00003328                rt_interrupt_leave
 .text.rt_interrupt_get_nest
                0x00003368       0x28 ./rt-thread/src/irq.o
                0x00003368                rt_interrupt_get_nest
 .text.rt_set_errno
                0x00003390       0x40 ./rt-thread/src/kservice.o
                0x00003390                rt_set_errno
 .text._rt_errno
                0x000033d0       0x34 ./rt-thread/src/kservice.o
                0x000033d0                _rt_errno
 .text.rt_memset
                0x00003404       0xb6 ./rt-thread/src/kservice.o
                0x00003404                rt_memset
 .text.rt_memcpy
                0x000034ba       0xd2 ./rt-thread/src/kservice.o
                0x000034ba                rt_memcpy
 .text.rt_memmove
                0x0000358c       0x82 ./rt-thread/src/kservice.o
                0x0000358c                rt_memmove
 .text.rt_strncpy
                0x0000360e       0x64 ./rt-thread/src/kservice.o
                0x0000360e                rt_strncpy
 .text.rt_strncmp
                0x00003672       0x4a ./rt-thread/src/kservice.o
                0x00003672                rt_strncmp
 .text.rt_strlen
                0x000036bc       0x2e ./rt-thread/src/kservice.o
                0x000036bc                rt_strlen
 *fill*         0x000036ea        0x2 ff
 .text.rt_show_version
                0x000036ec       0x4c ./rt-thread/src/kservice.o
                0x000036ec                rt_show_version
 .text.divide   0x00003738       0x68 ./rt-thread/src/kservice.o
 .text.skip_atoi
                0x000037a0       0x40 ./rt-thread/src/kservice.o
 .text.print_number
                0x000037e0      0x1dc ./rt-thread/src/kservice.o
 .text.rt_vsnprintf
                0x000039bc      0x4ac ./rt-thread/src/kservice.o
                0x000039bc                rt_vsnprintf
 .text.rt_vsprintf
                0x00003e68       0x24 ./rt-thread/src/kservice.o
                0x00003e68                rt_vsprintf
 .text.rt_sprintf
                0x00003e8c       0x2c ./rt-thread/src/kservice.o
                0x00003e8c                rt_sprintf
 .text.rt_console_get_device
                0x00003eb8       0x18 ./rt-thread/src/kservice.o
                0x00003eb8                rt_console_get_device
 .text.rt_console_set_device
                0x00003ed0       0x58 ./rt-thread/src/kservice.o
                0x00003ed0                rt_console_set_device
 .text.rt_hw_console_output
                0x00003f28       0x14 ./rt-thread/src/kservice.o
                0x00003f28                rt_hw_console_output
 .text.rt_kprintf
                0x00003f3c       0x60 ./rt-thread/src/kservice.o
                0x00003f3c                rt_kprintf
 .text._heap_lock_init
                0x00003f9c       0x1c ./rt-thread/src/kservice.o
 .text._heap_lock
                0x00003fb8       0x28 ./rt-thread/src/kservice.o
 .text._heap_unlock
                0x00003fe0       0x40 ./rt-thread/src/kservice.o
 .text._smem_info
                0x00004020       0x4c ./rt-thread/src/kservice.o
 .text.rt_system_heap_init
                0x0000406c       0x64 ./rt-thread/src/kservice.o
                0x0000406c                rt_system_heap_init
 .text.rt_malloc
                0x000040d0       0x48 ./rt-thread/src/kservice.o
                0x000040d0                rt_malloc
 .text.rt_calloc
                0x00004118       0x3c ./rt-thread/src/kservice.o
                0x00004118                rt_calloc
 .text.rt_free  0x00004154       0x38 ./rt-thread/src/kservice.o
                0x00004154                rt_free
 .text.rt_memory_info
                0x0000418c       0x2a ./rt-thread/src/kservice.o
                0x0000418c                rt_memory_info
 *fill*         0x000041b6        0x2 ff
 .text.rt_assert_handler
                0x000041b8       0x4c ./rt-thread/src/kservice.o
                0x000041b8                rt_assert_handler
 .text.plug_holes
                0x00004204       0xf8 ./rt-thread/src/mem.o
 .text.rt_smem_init
                0x000042fc      0x104 ./rt-thread/src/mem.o
                0x000042fc                rt_smem_init
 .text.rt_smem_alloc
                0x00004400      0x268 ./rt-thread/src/mem.o
                0x00004400                rt_smem_alloc
 .text.rt_smem_free
                0x00004668      0x140 ./rt-thread/src/mem.o
                0x00004668                rt_smem_free
 .text.rt_list_insert_after
                0x000047a8       0x32 ./rt-thread/src/object.o
 .text.rt_list_remove
                0x000047da       0x36 ./rt-thread/src/object.o
 .text.rt_object_get_information
                0x00004810       0x48 ./rt-thread/src/object.o
                0x00004810                rt_object_get_information
 .text.rt_object_init
                0x00004858       0xcc ./rt-thread/src/object.o
                0x00004858                rt_object_init
 .text.rt_object_detach
                0x00004924       0x5c ./rt-thread/src/object.o
                0x00004924                rt_object_detach
 .text.rt_object_allocate
                0x00004980       0xd8 ./rt-thread/src/object.o
                0x00004980                rt_object_allocate
 .text.rt_object_delete
                0x00004a58       0x7c ./rt-thread/src/object.o
                0x00004a58                rt_object_delete
 .text.rt_object_is_systemobject
                0x00004ad4       0x3c ./rt-thread/src/object.o
                0x00004ad4                rt_object_is_systemobject
 .text.rt_object_get_type
                0x00004b10       0x34 ./rt-thread/src/object.o
                0x00004b10                rt_object_get_type
 .text.rt_object_find
                0x00004b44       0xb4 ./rt-thread/src/object.o
                0x00004b44                rt_object_find
 .text.rt_list_init
                0x00004bf8       0x22 ./rt-thread/src/scheduler.o
 .text.rt_list_insert_before
                0x00004c1a       0x32 ./rt-thread/src/scheduler.o
 .text.rt_list_remove
                0x00004c4c       0x36 ./rt-thread/src/scheduler.o
 .text.rt_list_isempty
                0x00004c82       0x24 ./rt-thread/src/scheduler.o
 *fill*         0x00004ca6        0x2 ff
 .text._rt_scheduler_stack_check
                0x00004ca8       0x94 ./rt-thread/src/scheduler.o
 .text._scheduler_get_highest_priority_thread
                0x00004d3c       0x38 ./rt-thread/src/scheduler.o
 .text.rt_system_scheduler_init
                0x00004d74       0x38 ./rt-thread/src/scheduler.o
                0x00004d74                rt_system_scheduler_init
 .text.rt_system_scheduler_start
                0x00004dac       0x38 ./rt-thread/src/scheduler.o
                0x00004dac                rt_system_scheduler_start
 .text.rt_schedule
                0x00004de4      0x19c ./rt-thread/src/scheduler.o
                0x00004de4                rt_schedule
 .text.rt_schedule_insert_thread
                0x00004f80       0xac ./rt-thread/src/scheduler.o
                0x00004f80                rt_schedule_insert_thread
 .text.rt_schedule_remove_thread
                0x0000502c       0x70 ./rt-thread/src/scheduler.o
                0x0000502c                rt_schedule_remove_thread
 .text.rt_enter_critical
                0x0000509c       0x2c ./rt-thread/src/scheduler.o
                0x0000509c                rt_enter_critical
 .text.rt_exit_critical
                0x000050c8       0x54 ./rt-thread/src/scheduler.o
                0x000050c8                rt_exit_critical
 .text.rt_critical_level
                0x0000511c       0x1c ./rt-thread/src/scheduler.o
                0x0000511c                rt_critical_level
 .text.rt_list_init
                0x00005138       0x22 ./rt-thread/src/thread.o
 .text.rt_list_remove
                0x0000515a       0x36 ./rt-thread/src/thread.o
 .text._thread_exit
                0x00005190       0x42 ./rt-thread/src/thread.o
 *fill*         0x000051d2        0x2 ff
 .text._thread_timeout
                0x000051d4       0x8c ./rt-thread/src/thread.o
 .text._thread_init
                0x00005260      0x104 ./rt-thread/src/thread.o
 .text.rt_thread_init
                0x00005364       0x70 ./rt-thread/src/thread.o
                0x00005364                rt_thread_init
 .text.rt_thread_self
                0x000053d4       0x18 ./rt-thread/src/thread.o
                0x000053d4                rt_thread_self
 .text.rt_thread_startup
                0x000053ec       0x94 ./rt-thread/src/thread.o
                0x000053ec                rt_thread_startup
 .text.rt_thread_detach
                0x00005480       0xb0 ./rt-thread/src/thread.o
                0x00005480                rt_thread_detach
 .text.rt_thread_create
                0x00005530       0x62 ./rt-thread/src/thread.o
                0x00005530                rt_thread_create
 *fill*         0x00005592        0x2 ff
 .text.rt_thread_delete
                0x00005594       0xb0 ./rt-thread/src/thread.o
                0x00005594                rt_thread_delete
 .text.rt_thread_sleep
                0x00005644       0x94 ./rt-thread/src/thread.o
                0x00005644                rt_thread_sleep
 .text.rt_thread_delay
                0x000056d8       0x18 ./rt-thread/src/thread.o
                0x000056d8                rt_thread_delay
 .text.rt_thread_mdelay
                0x000056f0       0x20 ./rt-thread/src/thread.o
                0x000056f0                rt_thread_mdelay
 .text.rt_thread_control
                0x00005710       0xfc ./rt-thread/src/thread.o
                0x00005710                rt_thread_control
 .text.rt_thread_suspend
                0x0000580c       0xc8 ./rt-thread/src/thread.o
                0x0000580c                rt_thread_suspend
 .text.rt_thread_resume
                0x000058d4       0x98 ./rt-thread/src/thread.o
                0x000058d4                rt_thread_resume
 .text.rt_list_init
                0x0000596c       0x22 ./rt-thread/src/timer.o
 .text.rt_list_insert_after
                0x0000598e       0x32 ./rt-thread/src/timer.o
 .text.rt_list_remove
                0x000059c0       0x36 ./rt-thread/src/timer.o
 .text.rt_list_isempty
                0x000059f6       0x24 ./rt-thread/src/timer.o
 .text._timer_init
                0x00005a1a       0x6a ./rt-thread/src/timer.o
 .text._timer_list_next_timeout
                0x00005a84       0x3e ./rt-thread/src/timer.o
 .text._timer_remove
                0x00005ac2       0x36 ./rt-thread/src/timer.o
 .text.rt_timer_init
                0x00005af8       0x7c ./rt-thread/src/timer.o
                0x00005af8                rt_timer_init
 .text.rt_timer_detach
                0x00005b74       0x90 ./rt-thread/src/timer.o
                0x00005b74                rt_timer_detach
 .text.rt_timer_start
                0x00005c04      0x224 ./rt-thread/src/timer.o
                0x00005c04                rt_timer_start
 .text.rt_timer_stop
                0x00005e28       0x94 ./rt-thread/src/timer.o
                0x00005e28                rt_timer_stop
 .text.rt_timer_control
                0x00005ebc       0xdc ./rt-thread/src/timer.o
                0x00005ebc                rt_timer_control
 .text.rt_timer_check
                0x00005f98      0x108 ./rt-thread/src/timer.o
                0x00005f98                rt_timer_check
 .text.rt_soft_timer_check
                0x000060a0      0x11c ./rt-thread/src/timer.o
                0x000060a0                rt_soft_timer_check
 .text._timer_thread_entry
                0x000061bc       0x58 ./rt-thread/src/timer.o
 .text.rt_system_timer_init
                0x00006214       0x34 ./rt-thread/src/timer.o
                0x00006214                rt_system_timer_init
 .text.rt_system_timer_thread_init
                0x00006248       0x68 ./rt-thread/src/timer.o
                0x00006248                rt_system_timer_thread_init
 .text          0x000062b0      0x13c ./rt-thread/libcpu/arm/cortex-m4/context_gcc.o
                0x000062b0                rt_hw_interrupt_disable
                0x000062b8                rt_hw_interrupt_enable
                0x000062be                rt_hw_context_switch_interrupt
                0x000062be                rt_hw_context_switch
                0x000062de                PendSV_Handler
                0x0000634a                rt_hw_context_switch_to
                0x00006390                rt_hw_interrupt_thread_switch
                0x00006394                HardFault_Handler
 .text.rt_hw_stack_init
                0x000063ec       0x90 ./rt-thread/libcpu/arm/cortex-m4/cpuport.o
                0x000063ec                rt_hw_stack_init
 .text.usage_fault_track
                0x0000647c       0xc4 ./rt-thread/libcpu/arm/cortex-m4/cpuport.o
 .text.bus_fault_track
                0x00006540       0xcc ./rt-thread/libcpu/arm/cortex-m4/cpuport.o
 .text.mem_manage_fault_track
                0x0000660c       0xb4 ./rt-thread/libcpu/arm/cortex-m4/cpuport.o
 .text.hard_fault_track
                0x000066c0       0x78 ./rt-thread/libcpu/arm/cortex-m4/cpuport.o
 .text.rt_hw_hard_fault_exception
                0x00006738      0x184 ./rt-thread/libcpu/arm/cortex-m4/cpuport.o
                0x00006738                rt_hw_hard_fault_exception
 .text.__rt_ffs
                0x000068bc       0x2a ./rt-thread/libcpu/arm/cortex-m4/cpuport.o
                0x000068bc                __rt_ffs
 .text.__errno  0x000068e6        0xe ./rt-thread/components/libc/compilers/newlib/syscalls.o
                0x000068e6                __errno
 .text.rt_list_isempty
                0x000068f4       0x24 ./rt-thread/components/finsh/cmd.o
 .text.rt_list_len
                0x00006918       0x36 ./rt-thread/components/finsh/cmd.o
 *fill*         0x0000694e        0x2 ff
 .text.hello    0x00006950       0x14 ./rt-thread/components/finsh/cmd.o
                0x00006950                hello
 .text.clear    0x00006964       0x14 ./rt-thread/components/finsh/cmd.o
 .text.version  0x00006978        0xe ./rt-thread/components/finsh/cmd.o
                0x00006978                version
 *fill*         0x00006986        0x2 ff
 .text.object_split
                0x00006988       0x28 ./rt-thread/components/finsh/cmd.o
 .text.list_find_init
                0x000069b0       0x46 ./rt-thread/components/finsh/cmd.o
 .text.list_get_next
                0x000069f6       0xc6 ./rt-thread/components/finsh/cmd.o
 .text.list_thread
                0x00006abc      0x208 ./rt-thread/components/finsh/cmd.o
                0x00006abc                list_thread
 .text.show_wait_queue
                0x00006cc4       0x54 ./rt-thread/components/finsh/cmd.o
 .text.list_sem
                0x00006d18      0x12c ./rt-thread/components/finsh/cmd.o
                0x00006d18                list_sem
 .text.list_event
                0x00006e44      0x118 ./rt-thread/components/finsh/cmd.o
                0x00006e44                list_event
 .text.list_mutex
                0x00006f5c       0xe8 ./rt-thread/components/finsh/cmd.o
                0x00006f5c                list_mutex
 .text.list_mailbox
                0x00007044      0x13c ./rt-thread/components/finsh/cmd.o
                0x00007044                list_mailbox
 .text.list_msgqueue
                0x00007180      0x12c ./rt-thread/components/finsh/cmd.o
                0x00007180                list_msgqueue
 .text.list_timer
                0x000072ac      0x128 ./rt-thread/components/finsh/cmd.o
                0x000072ac                list_timer
 .text.list_device
                0x000073d4       0xf0 ./rt-thread/components/finsh/cmd.o
                0x000073d4                list_device
 .text.list     0x000074c4       0x6c ./rt-thread/components/finsh/cmd.o
                0x000074c4                list
 .text.msh_help
                0x00007530       0x5c ./rt-thread/components/finsh/msh.o
                0x00007530                msh_help
 .text.cmd_ps   0x0000758c       0x18 ./rt-thread/components/finsh/msh.o
                0x0000758c                cmd_ps
 .text.cmd_free
                0x000075a4       0x5c ./rt-thread/components/finsh/msh.o
                0x000075a4                cmd_free
 .text.msh_split
                0x00007600      0x170 ./rt-thread/components/finsh/msh.o
 .text.msh_get_cmd
                0x00007770       0x64 ./rt-thread/components/finsh/msh.o
 .text._msh_exec_cmd
                0x000077d4       0xd4 ./rt-thread/components/finsh/msh.o
 .text.msh_exec
                0x000078a8       0x8c ./rt-thread/components/finsh/msh.o
                0x000078a8                msh_exec
 .text.str_common
                0x00007934       0x4a ./rt-thread/components/finsh/msh.o
 *fill*         0x0000797e        0x2 ff
 .text.msh_auto_complete
                0x00007980       0xb0 ./rt-thread/components/finsh/msh.o
                0x00007980                msh_auto_complete
 .text.finsh_get_prompt
                0x00007a30       0x7c ./rt-thread/components/finsh/shell.o
                0x00007a30                finsh_get_prompt
 .text.finsh_set_prompt_mode
                0x00007aac       0x48 ./rt-thread/components/finsh/shell.o
                0x00007aac                finsh_set_prompt_mode
 .text.finsh_getchar
                0x00007af4       0x6c ./rt-thread/components/finsh/shell.o
                0x00007af4                finsh_getchar
 .text.finsh_rx_ind
                0x00007b60       0x3c ./rt-thread/components/finsh/shell.o
 .text.finsh_set_device
                0x00007b9c       0xd8 ./rt-thread/components/finsh/shell.o
                0x00007b9c                finsh_set_device
 .text.shell_auto_complete
                0x00007c74       0x34 ./rt-thread/components/finsh/shell.o
 .text.shell_handle_history
                0x00007ca8       0x34 ./rt-thread/components/finsh/shell.o
 .text.shell_push_history
                0x00007cdc      0x15e ./rt-thread/components/finsh/shell.o
 *fill*         0x00007e3a        0x2 ff
 .text.finsh_thread_entry
                0x00007e3c      0x5cc ./rt-thread/components/finsh/shell.o
                0x00007e3c                finsh_thread_entry
 .text.finsh_system_function_init
                0x00008408       0x2c ./rt-thread/components/finsh/shell.o
                0x00008408                finsh_system_function_init
 .text.finsh_system_init
                0x00008434       0x9c ./rt-thread/components/finsh/shell.o
                0x00008434                finsh_system_init
 .text.rt_serial_get_linear_buffer
                0x000084d0       0x8c ./rt-thread/components/drivers/serial/serial_v2.o
 .text.rt_serial_update_read_index
                0x0000855c       0xcc ./rt-thread/components/drivers/serial/serial_v2.o
 .text.rt_serial_update_write_index
                0x00008628       0xe8 ./rt-thread/components/drivers/serial/serial_v2.o
 .text._serial_poll_rx
                0x00008710       0xa4 ./rt-thread/components/drivers/serial/serial_v2.o
                0x00008710                _serial_poll_rx
 .text._serial_poll_tx
                0x000087b4       0x9c ./rt-thread/components/drivers/serial/serial_v2.o
                0x000087b4                _serial_poll_tx
 .text._serial_fifo_rx
                0x00008850       0xf4 ./rt-thread/components/drivers/serial/serial_v2.o
 .text._serial_fifo_tx_blocking_nbuf
                0x00008944       0xb0 ./rt-thread/components/drivers/serial/serial_v2.o
 .text._serial_fifo_tx_blocking_buf
                0x000089f4       0xf0 ./rt-thread/components/drivers/serial/serial_v2.o
 .text._serial_fifo_tx_nonblocking
                0x00008ae4       0xd4 ./rt-thread/components/drivers/serial/serial_v2.o
 .text.rt_serial_tx_enable
                0x00008bb8      0x1e8 ./rt-thread/components/drivers/serial/serial_v2.o
 .text.rt_serial_rx_enable
                0x00008da0      0x15c ./rt-thread/components/drivers/serial/serial_v2.o
 .text.rt_serial_rx_disable
                0x00008efc       0xb4 ./rt-thread/components/drivers/serial/serial_v2.o
 .text.rt_serial_tx_disable
                0x00008fb0       0xc0 ./rt-thread/components/drivers/serial/serial_v2.o
 .text.rt_serial_init
                0x00009070       0x5c ./rt-thread/components/drivers/serial/serial_v2.o
 .text.rt_serial_open
                0x000090cc       0xf4 ./rt-thread/components/drivers/serial/serial_v2.o
 .text.rt_serial_close
                0x000091c0       0x90 ./rt-thread/components/drivers/serial/serial_v2.o
 .text.rt_serial_control
                0x00009250       0xb8 ./rt-thread/components/drivers/serial/serial_v2.o
 .text.rt_hw_serial_register
                0x00009308       0x94 ./rt-thread/components/drivers/serial/serial_v2.o
                0x00009308                rt_hw_serial_register
 .text.rt_hw_serial_isr
                0x0000939c      0x210 ./rt-thread/components/drivers/serial/serial_v2.o
                0x0000939c                rt_hw_serial_isr
 .text._pin_read
                0x000095ac       0x60 ./rt-thread/components/drivers/misc/pin.o
 .text._pin_write
                0x0000960c       0x5c ./rt-thread/components/drivers/misc/pin.o
 .text._pin_control
                0x00009668       0x58 ./rt-thread/components/drivers/misc/pin.o
 .text.rt_device_pin_register
                0x000096c0       0x74 ./rt-thread/components/drivers/misc/pin.o
                0x000096c0                rt_device_pin_register
 .text.rt_list_init
                0x00009734       0x22 ./rt-thread/components/drivers/ipc/completion.o
 .text.rt_list_insert_before
                0x00009756       0x32 ./rt-thread/components/drivers/ipc/completion.o
 .text.rt_list_isempty
                0x00009788       0x24 ./rt-thread/components/drivers/ipc/completion.o
 .text.rt_completion_init
                0x000097ac       0x44 ./rt-thread/components/drivers/ipc/completion.o
                0x000097ac                rt_completion_init
 .text.rt_completion_wait
                0x000097f0      0x15c ./rt-thread/components/drivers/ipc/completion.o
                0x000097f0                rt_completion_wait
 .text.rt_completion_done
                0x0000994c       0x70 ./rt-thread/components/drivers/ipc/completion.o
                0x0000994c                rt_completion_done
 .text.rt_ringbuffer_status
                0x000099bc       0x4e ./rt-thread/components/drivers/ipc/ringbuffer.o
 *fill*         0x00009a0a        0x2 ff
 .text.rt_ringbuffer_init
                0x00009a0c       0xa0 ./rt-thread/components/drivers/ipc/ringbuffer.o
                0x00009a0c                rt_ringbuffer_init
 .text.rt_ringbuffer_put
                0x00009aac      0x16c ./rt-thread/components/drivers/ipc/ringbuffer.o
                0x00009aac                rt_ringbuffer_put
 .text.rt_ringbuffer_get
                0x00009c18      0x15c ./rt-thread/components/drivers/ipc/ringbuffer.o
                0x00009c18                rt_ringbuffer_get
 .text.rt_ringbuffer_putchar
                0x00009d74       0xbc ./rt-thread/components/drivers/ipc/ringbuffer.o
                0x00009d74                rt_ringbuffer_putchar
 .text.rt_ringbuffer_data_len
                0x00009e30       0x66 ./rt-thread/components/drivers/ipc/ringbuffer.o
                0x00009e30                rt_ringbuffer_data_len
 .text.main     0x00009e96        0xe ./ra_gen/main.o
                0x00009e96                main
 .text.R_FSP_CurrentIrqGet
                0x00009ea4       0x2c ./ra/fsp/src/r_sci_uart/r_sci_uart.o
 .text.R_FSP_IsrContextSet
                0x00009ed0       0x28 ./ra/fsp/src/r_sci_uart/r_sci_uart.o
 .text.R_BSP_IrqStatusClear
                0x00009ef8       0x30 ./ra/fsp/src/r_sci_uart/r_sci_uart.o
 .text.R_BSP_IrqClearPending
                0x00009f28       0x40 ./ra/fsp/src/r_sci_uart/r_sci_uart.o
 .text.R_BSP_IrqCfg
                0x00009f68       0x3c ./ra/fsp/src/r_sci_uart/r_sci_uart.o
 .text.R_BSP_IrqEnableNoClear
                0x00009fa4       0x38 ./ra/fsp/src/r_sci_uart/r_sci_uart.o
 .text.R_BSP_IrqEnable
                0x00009fdc       0x26 ./ra/fsp/src/r_sci_uart/r_sci_uart.o
 *fill*         0x0000a002        0x2 ff
 .text.R_BSP_IrqDisable
                0x0000a004       0x48 ./ra/fsp/src/r_sci_uart/r_sci_uart.o
 .text.R_FSP_IsrContextGet
                0x0000a04c       0x24 ./ra/fsp/src/r_sci_uart/r_sci_uart.o
 .text.R_SCI_UART_Open
                0x0000a070      0x1ac ./ra/fsp/src/r_sci_uart/r_sci_uart.o
                0x0000a070                R_SCI_UART_Open
 .text.r_sci_uart_config_set
                0x0000a21c      0x120 ./ra/fsp/src/r_sci_uart/r_sci_uart.o
 .text.r_sci_irq_cfg
                0x0000a33c       0x3a ./ra/fsp/src/r_sci_uart/r_sci_uart.o
 .text.r_sci_irqs_cfg
                0x0000a376       0x5a ./ra/fsp/src/r_sci_uart/r_sci_uart.o
 .text.r_sci_uart_baud_set
                0x0000a3d0       0x58 ./ra/fsp/src/r_sci_uart/r_sci_uart.o
 .text.r_sci_uart_call_callback
                0x0000a428       0x76 ./ra/fsp/src/r_sci_uart/r_sci_uart.o
 .text.sci_uart_txi_isr
                0x0000a49e       0xd0 ./ra/fsp/src/r_sci_uart/r_sci_uart.o
                0x0000a49e                sci_uart_txi_isr
 .text.sci_uart_rxi_isr
                0x0000a56e       0xbc ./ra/fsp/src/r_sci_uart/r_sci_uart.o
                0x0000a56e                sci_uart_rxi_isr
 .text.sci_uart_tei_isr
                0x0000a62a       0x4a ./ra/fsp/src/r_sci_uart/r_sci_uart.o
                0x0000a62a                sci_uart_tei_isr
 .text.sci_uart_eri_isr
                0x0000a674       0xa8 ./ra/fsp/src/r_sci_uart/r_sci_uart.o
                0x0000a674                sci_uart_eri_isr
 .text.R_BSP_PinRead
                0x0000a71c       0x38 ./ra/fsp/src/r_ioport/r_ioport.o
 .text.R_BSP_PinAccessEnable
                0x0000a754       0x60 ./ra/fsp/src/r_ioport/r_ioport.o
 .text.R_BSP_PinAccessDisable
                0x0000a7b4       0x68 ./ra/fsp/src/r_ioport/r_ioport.o
 .text.R_IOPORT_Open
                0x0000a81c       0x28 ./ra/fsp/src/r_ioport/r_ioport.o
                0x0000a81c                R_IOPORT_Open
 .text.R_IOPORT_Close
                0x0000a844       0x20 ./ra/fsp/src/r_ioport/r_ioport.o
                0x0000a844                R_IOPORT_Close
 .text.R_IOPORT_PinsCfg
                0x0000a864       0x1a ./ra/fsp/src/r_ioport/r_ioport.o
                0x0000a864                R_IOPORT_PinsCfg
 .text.R_IOPORT_PinCfg
                0x0000a87e       0x46 ./ra/fsp/src/r_ioport/r_ioport.o
                0x0000a87e                R_IOPORT_PinCfg
 .text.R_IOPORT_PinRead
                0x0000a8c4       0x28 ./ra/fsp/src/r_ioport/r_ioport.o
                0x0000a8c4                R_IOPORT_PinRead
 .text.R_IOPORT_PortRead
                0x0000a8ec       0x3a ./ra/fsp/src/r_ioport/r_ioport.o
                0x0000a8ec                R_IOPORT_PortRead
 .text.R_IOPORT_PortWrite
                0x0000a926       0x62 ./ra/fsp/src/r_ioport/r_ioport.o
                0x0000a926                R_IOPORT_PortWrite
 .text.R_IOPORT_PinWrite
                0x0000a988       0x6e ./ra/fsp/src/r_ioport/r_ioport.o
                0x0000a988                R_IOPORT_PinWrite
 .text.R_IOPORT_PortDirectionSet
                0x0000a9f6       0x72 ./ra/fsp/src/r_ioport/r_ioport.o
                0x0000a9f6                R_IOPORT_PortDirectionSet
 .text.R_IOPORT_PortEventInputRead
                0x0000aa68       0x3e ./ra/fsp/src/r_ioport/r_ioport.o
                0x0000aa68                R_IOPORT_PortEventInputRead
 .text.R_IOPORT_PinEventInputRead
                0x0000aaa6       0x62 ./ra/fsp/src/r_ioport/r_ioport.o
                0x0000aaa6                R_IOPORT_PinEventInputRead
 .text.R_IOPORT_PortEventOutputWrite
                0x0000ab08       0x62 ./ra/fsp/src/r_ioport/r_ioport.o
                0x0000ab08                R_IOPORT_PortEventOutputWrite
 .text.R_IOPORT_PinEventOutputWrite
                0x0000ab6a       0x5e ./ra/fsp/src/r_ioport/r_ioport.o
                0x0000ab6a                R_IOPORT_PinEventOutputWrite
 .text.R_IOPORT_EthernetModeCfg
                0x0000abc8       0x28 ./ra/fsp/src/r_ioport/r_ioport.o
                0x0000abc8                R_IOPORT_EthernetModeCfg
 .text.r_ioport_pins_config
                0x0000abf0       0x56 ./ra/fsp/src/r_ioport/r_ioport.o
 .text.r_ioport_hw_pin_event_output_data_write
                0x0000ac46       0x88 ./ra/fsp/src/r_ioport/r_ioport.o
 *fill*         0x0000acce        0x2 ff
 .text.r_ioport_pfs_write
                0x0000acd0       0x78 ./ra/fsp/src/r_ioport/r_ioport.o
 .text.bsp_vbatt_init
                0x0000ad48       0xd8 ./ra/fsp/src/r_ioport/r_ioport.o
 .text.R_FSP_CurrentIrqGet
                0x0000ae20       0x2c ./ra/fsp/src/r_gpt/r_gpt.o
 .text.R_FSP_IsrContextSet
                0x0000ae4c       0x28 ./ra/fsp/src/r_gpt/r_gpt.o
 .text.R_BSP_IrqStatusClear
                0x0000ae74       0x30 ./ra/fsp/src/r_gpt/r_gpt.o
 .text.R_BSP_IrqClearPending
                0x0000aea4       0x40 ./ra/fsp/src/r_gpt/r_gpt.o
 .text.R_BSP_IrqCfg
                0x0000aee4       0x3c ./ra/fsp/src/r_gpt/r_gpt.o
 .text.R_BSP_IrqEnableNoClear
                0x0000af20       0x38 ./ra/fsp/src/r_gpt/r_gpt.o
 .text.R_BSP_IrqEnable
                0x0000af58       0x26 ./ra/fsp/src/r_gpt/r_gpt.o
 *fill*         0x0000af7e        0x2 ff
 .text.R_BSP_IrqDisable
                0x0000af80       0x48 ./ra/fsp/src/r_gpt/r_gpt.o
 .text.R_BSP_IrqCfgEnable
                0x0000afc8       0x2e ./ra/fsp/src/r_gpt/r_gpt.o
 *fill*         0x0000aff6        0x2 ff
 .text.R_FSP_IsrContextGet
                0x0000aff8       0x24 ./ra/fsp/src/r_gpt/r_gpt.o
 .text.R_GPT_Open
                0x0000b01c       0xf0 ./ra/fsp/src/r_gpt/r_gpt.o
                0x0000b01c                R_GPT_Open
 .text.R_GPT_Start
                0x0000b10c       0x40 ./ra/fsp/src/r_gpt/r_gpt.o
                0x0000b10c                R_GPT_Start
 .text.R_GPT_Close
                0x0000b14c       0x94 ./ra/fsp/src/r_gpt/r_gpt.o
                0x0000b14c                R_GPT_Close
 .text.r_gpt_write_protect_enable
                0x0000b1e0       0x16 ./ra/fsp/src/r_gpt/r_gpt.o
 .text.r_gpt_write_protect_disable
                0x0000b1f6       0x16 ./ra/fsp/src/r_gpt/r_gpt.o
 .text.gpt_common_open
                0x0000b20c       0x64 ./ra/fsp/src/r_gpt/r_gpt.o
 .text.gpt_hardware_initialize
                0x0000b270      0x23c ./ra/fsp/src/r_gpt/r_gpt.o
 .text.gpt_hardware_events_disable
                0x0000b4ac       0x42 ./ra/fsp/src/r_gpt/r_gpt.o
 .text.r_gpt_disable_irq
                0x0000b4ee       0x30 ./ra/fsp/src/r_gpt/r_gpt.o
 .text.r_gpt_enable_irq
                0x0000b51e       0x2c ./ra/fsp/src/r_gpt/r_gpt.o
 .text.gpt_calculate_duty_cycle
                0x0000b54a       0xea ./ra/fsp/src/r_gpt/r_gpt.o
 .text.gpt_gtior_calculate
                0x0000b634       0x48 ./ra/fsp/src/r_gpt/r_gpt.o
 .text.r_gpt_call_callback
                0x0000b67c       0x6c ./ra/fsp/src/r_gpt/r_gpt.o
 .text.gpt_counter_overflow_isr
                0x0000b6e8       0x8a ./ra/fsp/src/r_gpt/r_gpt.o
                0x0000b6e8                gpt_counter_overflow_isr
 *fill*         0x0000b772        0x2 ff
 .text.R_ELC_Open
                0x0000b774       0xc0 ./ra/fsp/src/r_elc/r_elc.o
                0x0000b774                R_ELC_Open
 .text.R_ELC_Close
                0x0000b834       0x38 ./ra/fsp/src/r_elc/r_elc.o
                0x0000b834                R_ELC_Close
 .text.R_ELC_Enable
                0x0000b86c       0x34 ./ra/fsp/src/r_elc/r_elc.o
                0x0000b86c                R_ELC_Enable
 .text.r_elc_common_parameter_checking
                0x0000b8a0       0x34 ./ra/fsp/src/r_elc/r_elc.o
 .text.R_DTC_Close
                0x0000b8d4       0x70 ./ra/fsp/src/r_dtc/r_dtc.o
                0x0000b8d4                R_DTC_Close
 .text.R_FSP_CurrentIrqGet
                0x0000b944       0x2c ./ra/fsp/src/r_adc/r_adc.o
 .text.R_FSP_SystemClockHzGet
                0x0000b970       0x4c ./ra/fsp/src/r_adc/r_adc.o
 .text.R_FSP_IsrContextSet
                0x0000b9bc       0x28 ./ra/fsp/src/r_adc/r_adc.o
 .text.R_BSP_IrqStatusClear
                0x0000b9e4       0x30 ./ra/fsp/src/r_adc/r_adc.o
 .text.R_BSP_IrqClearPending
                0x0000ba14       0x40 ./ra/fsp/src/r_adc/r_adc.o
 .text.R_BSP_IrqCfg
                0x0000ba54       0x3c ./ra/fsp/src/r_adc/r_adc.o
 .text.R_BSP_IrqEnableNoClear
                0x0000ba90       0x38 ./ra/fsp/src/r_adc/r_adc.o
 .text.R_BSP_IrqEnable
                0x0000bac8       0x26 ./ra/fsp/src/r_adc/r_adc.o
 *fill*         0x0000baee        0x2 ff
 .text.R_BSP_IrqDisable
                0x0000baf0       0x48 ./ra/fsp/src/r_adc/r_adc.o
 .text.R_BSP_IrqCfgEnable
                0x0000bb38       0x2e ./ra/fsp/src/r_adc/r_adc.o
 *fill*         0x0000bb66        0x2 ff
 .text.R_FSP_IsrContextGet
                0x0000bb68       0x24 ./ra/fsp/src/r_adc/r_adc.o
 .text.R_ADC_Open
                0x0000bb8c      0x120 ./ra/fsp/src/r_adc/r_adc.o
                0x0000bb8c                R_ADC_Open
 .text.R_ADC_ScanCfg
                0x0000bcac       0x6c ./ra/fsp/src/r_adc/r_adc.o
                0x0000bcac                R_ADC_ScanCfg
 .text.R_ADC_ScanStart
                0x0000bd18       0x74 ./ra/fsp/src/r_adc/r_adc.o
                0x0000bd18                R_ADC_ScanStart
 .text.R_ADC_Read
                0x0000bd8c       0xe8 ./ra/fsp/src/r_adc/r_adc.o
                0x0000bd8c                R_ADC_Read
 .text.R_ADC_Close
                0x0000be74       0xd4 ./ra/fsp/src/r_adc/r_adc.o
                0x0000be74                R_ADC_Close
 .text.r_adc_open_cfg_check
                0x0000bf48       0xac ./ra/fsp/src/r_adc/r_adc.o
 .text.r_adc_open_cfg_resolution_check
                0x0000bff4       0x32 ./ra/fsp/src/r_adc/r_adc.o
 .text.r_adc_scan_cfg_check_sample_hold
                0x0000c026       0x24 ./ra/fsp/src/r_adc/r_adc.o
 .text.r_adc_scan_cfg_check_window_compare
                0x0000c04a       0x90 ./ra/fsp/src/r_adc/r_adc.o
 .text.r_adc_scan_cfg_check_sensors
                0x0000c0da       0x38 ./ra/fsp/src/r_adc/r_adc.o
 *fill*         0x0000c112        0x2 ff
 .text.r_adc_open_sub
                0x0000c114      0x148 ./ra/fsp/src/r_adc/r_adc.o
 .text.r_adc_sensor_cfg
                0x0000c25c      0x110 ./ra/fsp/src/r_adc/r_adc.o
 .text.r_adc_sensor_sample_state_calculation
                0x0000c36c       0x50 ./ra/fsp/src/r_adc/r_adc.o
 .text.r_adc_scan_cfg_check
                0x0000c3bc      0x100 ./ra/fsp/src/r_adc/r_adc.o
 .text.r_adc_scan_cfg
                0x0000c4bc      0x1e4 ./ra/fsp/src/r_adc/r_adc.o
 .text.r_adc_irq_enable
                0x0000c6a0       0x2e ./ra/fsp/src/r_adc/r_adc.o
 .text.r_adc_irq_disable
                0x0000c6ce       0x30 ./ra/fsp/src/r_adc/r_adc.o
 .text.r_adc_call_callback
                0x0000c6fe       0x72 ./ra/fsp/src/r_adc/r_adc.o
 .text.r_adc_scan_end_common_isr
                0x0000c770       0x56 ./ra/fsp/src/r_adc/r_adc.o
 .text.adc_scan_end_isr
                0x0000c7c6        0xe ./ra/fsp/src/r_adc/r_adc.o
                0x0000c7c6                adc_scan_end_isr
 .text.R_BSP_FlashCacheEnable
                0x0000c7d4       0x40 ./ra/fsp/src/bsp/mcu/all/bsp_clocks.o
 .text.SystemCoreClockUpdate
                0x0000c814       0x40 ./ra/fsp/src/bsp/mcu/all/bsp_clocks.o
                0x0000c814                SystemCoreClockUpdate
 .text.bsp_prv_clock_set_hard_reset
                0x0000c854       0x30 ./ra/fsp/src/bsp/mcu/all/bsp_clocks.o
 .text.bsp_clock_freq_var_init
                0x0000c884       0x48 ./ra/fsp/src/bsp/mcu/all/bsp_clocks.o
 .text.bsp_clock_init
                0x0000c8cc       0xa4 ./ra/fsp/src/bsp/mcu/all/bsp_clocks.o
                0x0000c8cc                bsp_clock_init
 .text.bsp_init_internal
                0x0000c970       0x14 ./ra/fsp/src/bsp/mcu/all/bsp_common.o
                0x0000c970                bsp_init_internal
                0x0000c970                bsp_init
 .text.bsp_group_irq_call
                0x0000c984       0x30 ./ra/fsp/src/bsp/mcu/all/bsp_group_irq.o
 .text.NMI_Handler
                0x0000c9b4       0x4c ./ra/fsp/src/bsp/mcu/all/bsp_group_irq.o
                0x0000c9b4                NMI_Handler
 .text.bsp_irq_cfg
                0x0000ca00      0x104 ./ra/fsp/src/bsp/mcu/all/bsp_irq.o
                0x0000ca00                bsp_irq_cfg
 .text.R_BSP_RegisterProtectEnable
                0x0000cb04       0xa0 ./ra/fsp/src/bsp/mcu/all/bsp_register_protection.o
                0x0000cb04                R_BSP_RegisterProtectEnable
 .text.R_BSP_RegisterProtectDisable
                0x0000cba4       0x90 ./ra/fsp/src/bsp/mcu/all/bsp_register_protection.o
                0x0000cba4                R_BSP_RegisterProtectDisable
 .text.Reset_Handler
                0x0000cc34        0xe ./ra/fsp/src/bsp/cmsis/Device/RENESAS/Source/startup.o
                0x0000cc34                Reset_Handler
 .text.Default_Handler
                0x0000cc42       0x10 ./ra/fsp/src/bsp/cmsis/Device/RENESAS/Source/startup.o
                0x0000cc42                UsageFault_Handler
                0x0000cc42                SecureFault_Handler
                0x0000cc42                Default_Handler
                0x0000cc42                MemManage_Handler
                0x0000cc42                SVC_Handler
                0x0000cc42                BusFault_Handler
                0x0000cc42                DebugMon_Handler
 *fill*         0x0000cc52        0x2 ff
 .text.SystemInit
                0x0000cc54       0xf0 ./ra/fsp/src/bsp/cmsis/Device/RENESAS/Source/system.o
                0x0000cc54                SystemInit
 .text.__NVIC_SetPriority
                0x0000cd44       0x54 ./libraries/HAL_Drivers/drv_common.o
 .text.__NVIC_SystemReset
                0x0000cd98       0x2c ./libraries/HAL_Drivers/drv_common.o
 .text.SysTick_Config
                0x0000cdc4       0x44 ./libraries/HAL_Drivers/drv_common.o
 .text.reboot   0x0000ce08       0x10 ./libraries/HAL_Drivers/drv_common.o
 .text.rt_hw_systick_init
                0x0000ce18       0x2c ./libraries/HAL_Drivers/drv_common.o
                0x0000ce18                rt_hw_systick_init
 .text.SysTick_Handler
                0x0000ce44       0x14 ./libraries/HAL_Drivers/drv_common.o
                0x0000ce44                SysTick_Handler
 .text.rt_hw_board_init
                0x0000ce58       0x34 ./libraries/HAL_Drivers/drv_common.o
                0x0000ce58                rt_hw_board_init
 .text.R_BSP_WarmStart
                0x0000ce8c       0x2c ./libraries/HAL_Drivers/drv_common.o
                0x0000ce8c                R_BSP_WarmStart
 .text.R_BSP_PinRead
                0x0000ceb8       0x38 ./libraries/HAL_Drivers/drv_gpio.o
 .text.R_BSP_PinWrite
                0x0000cef0       0x68 ./libraries/HAL_Drivers/drv_gpio.o
 .text.R_BSP_PinAccessEnable
                0x0000cf58       0x60 ./libraries/HAL_Drivers/drv_gpio.o
 .text.R_BSP_PinAccessDisable
                0x0000cfb8       0x68 ./libraries/HAL_Drivers/drv_gpio.o
 .text.ra_pin_mode
                0x0000d020       0xf8 ./libraries/HAL_Drivers/drv_gpio.o
 .text.ra_pin_write
                0x0000d118       0x3a ./libraries/HAL_Drivers/drv_gpio.o
 *fill*         0x0000d152        0x2 ff
 .text.ra_pin_read
                0x0000d154       0x50 ./libraries/HAL_Drivers/drv_gpio.o
 .text.ra_pin_irq_enable
                0x0000d1a4       0x1c ./libraries/HAL_Drivers/drv_gpio.o
 .text.ra_pin_attach_irq
                0x0000d1c0       0x1e ./libraries/HAL_Drivers/drv_gpio.o
 .text.ra_pin_dettach_irq
                0x0000d1de       0x1a ./libraries/HAL_Drivers/drv_gpio.o
 .text.ra_pin_get
                0x0000d1f8       0xce ./libraries/HAL_Drivers/drv_gpio.o
 *fill*         0x0000d2c6        0x2 ff
 .text.rt_hw_pin_init
                0x0000d2c8       0x1c ./libraries/HAL_Drivers/drv_gpio.o
                0x0000d2c8                rt_hw_pin_init
 .text.ra_uart_get_config
                0x0000d2e4       0x50 ./libraries/HAL_Drivers/drv_usart_v2.o
 .text.ra_uart_configure
                0x0000d334       0x7c ./libraries/HAL_Drivers/drv_usart_v2.o
 .text.ra_uart_control
                0x0000d3b0       0x1a ./libraries/HAL_Drivers/drv_usart_v2.o
 *fill*         0x0000d3ca        0x2 ff
 .text.ra_uart_putc
                0x0000d3cc       0x68 ./libraries/HAL_Drivers/drv_usart_v2.o
 .text.ra_uart_getc
                0x0000d434       0x16 ./libraries/HAL_Drivers/drv_usart_v2.o
 *fill*         0x0000d44a        0x2 ff
 .text.user_uart7_callback
                0x0000d44c       0x78 ./libraries/HAL_Drivers/drv_usart_v2.o
                0x0000d44c                user_uart7_callback
 .text.rt_hw_usart_init
                0x0000d4c4       0xb8 ./libraries/HAL_Drivers/drv_usart_v2.o
                0x0000d4c4                rt_hw_usart_init
 *fill*         0x0000d57c        0x4 ff
 .text.cos      0x0000d580       0xa8 d:/rt-threadstudio/repo/extract/toolchain_support_packages/arm/gnu_tools_for_arm_embedded_processors/10.2.1/bin/../lib/gcc/arm-none-eabi/10.2.1/../../../../arm-none-eabi/lib/thumb/v8-m.main+fp/hard\libm.a(lib_a-s_cos.o)
                0x0000d580                cos
 .text.round    0x0000d628       0xa8 d:/rt-threadstudio/repo/extract/toolchain_support_packages/arm/gnu_tools_for_arm_embedded_processors/10.2.1/bin/../lib/gcc/arm-none-eabi/10.2.1/../../../../arm-none-eabi/lib/thumb/v8-m.main+fp/hard\libm.a(lib_a-s_round.o)
                0x0000d628                round
 .text.sin      0x0000d6d0       0xa8 d:/rt-threadstudio/repo/extract/toolchain_support_packages/arm/gnu_tools_for_arm_embedded_processors/10.2.1/bin/../lib/gcc/arm-none-eabi/10.2.1/../../../../arm-none-eabi/lib/thumb/v8-m.main+fp/hard\libm.a(lib_a-s_sin.o)
                0x0000d6d0                sin
 .text.sqrt     0x0000d778       0x74 d:/rt-threadstudio/repo/extract/toolchain_support_packages/arm/gnu_tools_for_arm_embedded_processors/10.2.1/bin/../lib/gcc/arm-none-eabi/10.2.1/../../../../arm-none-eabi/lib/thumb/v8-m.main+fp/hard\libm.a(lib_a-w_sqrt.o)
                0x0000d778                sqrt
 *fill*         0x0000d7ec        0x4 ff
 .text.__ieee754_rem_pio2
                0x0000d7f0      0x44c d:/rt-threadstudio/repo/extract/toolchain_support_packages/arm/gnu_tools_for_arm_embedded_processors/10.2.1/bin/../lib/gcc/arm-none-eabi/10.2.1/../../../../arm-none-eabi/lib/thumb/v8-m.main+fp/hard\libm.a(lib_a-e_rem_pio2.o)
                0x0000d7f0                __ieee754_rem_pio2
 .text.__ieee754_sqrt
                0x0000dc3c      0x184 d:/rt-threadstudio/repo/extract/toolchain_support_packages/arm/gnu_tools_for_arm_embedded_processors/10.2.1/bin/../lib/gcc/arm-none-eabi/10.2.1/../../../../arm-none-eabi/lib/thumb/v8-m.main+fp/hard\libm.a(lib_a-e_sqrt.o)
                0x0000dc3c                __ieee754_sqrt
 .text.__kernel_cos
                0x0000ddc0      0x27c d:/rt-threadstudio/repo/extract/toolchain_support_packages/arm/gnu_tools_for_arm_embedded_processors/10.2.1/bin/../lib/gcc/arm-none-eabi/10.2.1/../../../../arm-none-eabi/lib/thumb/v8-m.main+fp/hard\libm.a(lib_a-k_cos.o)
                0x0000ddc0                __kernel_cos
 *fill*         0x0000e03c        0x4 ff
 .text.__kernel_rem_pio2
                0x0000e040      0x848 d:/rt-threadstudio/repo/extract/toolchain_support_packages/arm/gnu_tools_for_arm_embedded_processors/10.2.1/bin/../lib/gcc/arm-none-eabi/10.2.1/../../../../arm-none-eabi/lib/thumb/v8-m.main+fp/hard\libm.a(lib_a-k_rem_pio2.o)
                0x0000e040                __kernel_rem_pio2
 .text.__kernel_sin
                0x0000e888      0x18c d:/rt-threadstudio/repo/extract/toolchain_support_packages/arm/gnu_tools_for_arm_embedded_processors/10.2.1/bin/../lib/gcc/arm-none-eabi/10.2.1/../../../../arm-none-eabi/lib/thumb/v8-m.main+fp/hard\libm.a(lib_a-k_sin.o)
                0x0000e888                __kernel_sin
 .text.fabs     0x0000ea14       0x14 d:/rt-threadstudio/repo/extract/toolchain_support_packages/arm/gnu_tools_for_arm_embedded_processors/10.2.1/bin/../lib/gcc/arm-none-eabi/10.2.1/../../../../arm-none-eabi/lib/thumb/v8-m.main+fp/hard\libm.a(lib_a-s_fabs.o)
                0x0000ea14                fabs
 .text.floor    0x0000ea28      0x108 d:/rt-threadstudio/repo/extract/toolchain_support_packages/arm/gnu_tools_for_arm_embedded_processors/10.2.1/bin/../lib/gcc/arm-none-eabi/10.2.1/../../../../arm-none-eabi/lib/thumb/v8-m.main+fp/hard\libm.a(lib_a-s_floor.o)
                0x0000ea28                floor
 .text.scalbn   0x0000eb30      0x128 d:/rt-threadstudio/repo/extract/toolchain_support_packages/arm/gnu_tools_for_arm_embedded_processors/10.2.1/bin/../lib/gcc/arm-none-eabi/10.2.1/../../../../arm-none-eabi/lib/thumb/v8-m.main+fp/hard\libm.a(lib_a-s_scalbn.o)
                0x0000eb30                scalbn
 .text.memcmp   0x0000ec58       0x60 d:/rt-threadstudio/repo/extract/toolchain_support_packages/arm/gnu_tools_for_arm_embedded_processors/10.2.1/bin/../lib/gcc/arm-none-eabi/10.2.1/../../../../arm-none-eabi/lib/thumb/v8-m.main+fp/hard\libc.a(lib_a-memcmp.o)
                0x0000ec58                memcmp
 .text          0x0000ecb8       0xec d:/rt-threadstudio/repo/extract/toolchain_support_packages/arm/gnu_tools_for_arm_embedded_processors/10.2.1/bin/../lib/gcc/arm-none-eabi/10.2.1/../../../../arm-none-eabi/lib/thumb/v8-m.main+fp/hard\libc.a(lib_a-memcpy.o)
                0x0000ecb8                memcpy
 .text.memset   0x0000eda4       0xa4 d:/rt-threadstudio/repo/extract/toolchain_support_packages/arm/gnu_tools_for_arm_embedded_processors/10.2.1/bin/../lib/gcc/arm-none-eabi/10.2.1/../../../../arm-none-eabi/lib/thumb/v8-m.main+fp/hard\libc.a(lib_a-memset.o)
                0x0000eda4                memset
 .text.rand     0x0000ee48       0x3c d:/rt-threadstudio/repo/extract/toolchain_support_packages/arm/gnu_tools_for_arm_embedded_processors/10.2.1/bin/../lib/gcc/arm-none-eabi/10.2.1/../../../../arm-none-eabi/lib/thumb/v8-m.main+fp/hard\libc.a(lib_a-rand.o)
                0x0000ee48                rand
 .text.strlen   0x0000ee84       0x5c d:/rt-threadstudio/repo/extract/toolchain_support_packages/arm/gnu_tools_for_arm_embedded_processors/10.2.1/bin/../lib/gcc/arm-none-eabi/10.2.1/../../../../arm-none-eabi/lib/thumb/v8-m.main+fp/hard\libc.a(lib_a-strlen-stub.o)
                0x0000ee84                strlen
 .text.strncmp  0x0000eee0       0x78 d:/rt-threadstudio/repo/extract/toolchain_support_packages/arm/gnu_tools_for_arm_embedded_processors/10.2.1/bin/../lib/gcc/arm-none-eabi/10.2.1/../../../../arm-none-eabi/lib/thumb/v8-m.main+fp/hard\libc.a(lib_a-strncmp.o)
                0x0000eee0                strncmp
 .text.strncpy  0x0000ef58       0x64 d:/rt-threadstudio/repo/extract/toolchain_support_packages/arm/gnu_tools_for_arm_embedded_processors/10.2.1/bin/../lib/gcc/arm-none-eabi/10.2.1/../../../../arm-none-eabi/lib/thumb/v8-m.main+fp/hard\libc.a(lib_a-strncpy.o)
                0x0000ef58                strncpy
 .text.startup.register_fini
                0x0000efbc       0x14 d:/rt-threadstudio/repo/extract/toolchain_support_packages/arm/gnu_tools_for_arm_embedded_processors/10.2.1/bin/../lib/gcc/arm-none-eabi/10.2.1/../../../../arm-none-eabi/lib/thumb/v8-m.main+fp/hard\libc.a(lib_a-__call_atexit.o)
 .text.atexit   0x0000efd0        0xc d:/rt-threadstudio/repo/extract/toolchain_support_packages/arm/gnu_tools_for_arm_embedded_processors/10.2.1/bin/../lib/gcc/arm-none-eabi/10.2.1/../../../../arm-none-eabi/lib/thumb/v8-m.main+fp/hard\libc.a(lib_a-atexit.o)
                0x0000efd0                atexit
 .text.__libc_fini_array
                0x0000efdc       0x2c d:/rt-threadstudio/repo/extract/toolchain_support_packages/arm/gnu_tools_for_arm_embedded_processors/10.2.1/bin/../lib/gcc/arm-none-eabi/10.2.1/../../../../arm-none-eabi/lib/thumb/v8-m.main+fp/hard\libc.a(lib_a-fini.o)
                0x0000efdc                __libc_fini_array
 .text.__retarget_lock_acquire_recursive
                0x0000f008        0x4 d:/rt-threadstudio/repo/extract/toolchain_support_packages/arm/gnu_tools_for_arm_embedded_processors/10.2.1/bin/../lib/gcc/arm-none-eabi/10.2.1/../../../../arm-none-eabi/lib/thumb/v8-m.main+fp/hard\libc.a(lib_a-lock.o)
                0x0000f008                __retarget_lock_acquire_recursive
 .text.__retarget_lock_release_recursive
                0x0000f00c        0x4 d:/rt-threadstudio/repo/extract/toolchain_support_packages/arm/gnu_tools_for_arm_embedded_processors/10.2.1/bin/../lib/gcc/arm-none-eabi/10.2.1/../../../../arm-none-eabi/lib/thumb/v8-m.main+fp/hard\libc.a(lib_a-lock.o)
                0x0000f00c                __retarget_lock_release_recursive
 .text.__register_exitproc
                0x0000f010       0x90 d:/rt-threadstudio/repo/extract/toolchain_support_packages/arm/gnu_tools_for_arm_embedded_processors/10.2.1/bin/../lib/gcc/arm-none-eabi/10.2.1/../../../../arm-none-eabi/lib/thumb/v8-m.main+fp/hard\libc.a(lib_a-__atexit.o)
                0x0000f010                __register_exitproc
 .text          0x0000f0a0      0x378 d:/rt-threadstudio/repo/extract/toolchain_support_packages/arm/gnu_tools_for_arm_embedded_processors/10.2.1/bin/../lib/gcc/arm-none-eabi/10.2.1/thumb/v8-m.main+fp/hard\libgcc.a(_arm_addsubdf3.o)
                0x0000f0a0                __aeabi_drsub
                0x0000f0a8                __aeabi_dsub
                0x0000f0a8                __subdf3
                0x0000f0ac                __aeabi_dadd
                0x0000f0ac                __adddf3
                0x0000f324                __floatunsidf
                0x0000f324                __aeabi_ui2d
                0x0000f344                __floatsidf
                0x0000f344                __aeabi_i2d
                0x0000f368                __aeabi_f2d
                0x0000f368                __extendsfdf2
                0x0000f3ac                __floatundidf
                0x0000f3ac                __aeabi_ul2d
                0x0000f3bc                __floatdidf
                0x0000f3bc                __aeabi_l2d
 .text          0x0000f418      0x424 d:/rt-threadstudio/repo/extract/toolchain_support_packages/arm/gnu_tools_for_arm_embedded_processors/10.2.1/bin/../lib/gcc/arm-none-eabi/10.2.1/thumb/v8-m.main+fp/hard\libgcc.a(_arm_muldivdf3.o)
                0x0000f418                __aeabi_dmul
                0x0000f418                __muldf3
                0x0000f66c                __divdf3
                0x0000f66c                __aeabi_ddiv
 .text          0x0000f83c      0x110 d:/rt-threadstudio/repo/extract/toolchain_support_packages/arm/gnu_tools_for_arm_embedded_processors/10.2.1/bin/../lib/gcc/arm-none-eabi/10.2.1/thumb/v8-m.main+fp/hard\libgcc.a(_arm_cmpdf2.o)
                0x0000f83c                __gtdf2
                0x0000f83c                __gedf2
                0x0000f844                __ltdf2
                0x0000f844                __ledf2
                0x0000f84c                __nedf2
                0x0000f84c                __eqdf2
                0x0000f84c                __cmpdf2
                0x0000f8c8                __aeabi_cdrcmple
                0x0000f8d8                __aeabi_cdcmpeq
                0x0000f8d8                __aeabi_cdcmple
                0x0000f8e8                __aeabi_dcmpeq
                0x0000f8fc                __aeabi_dcmplt
                0x0000f910                __aeabi_dcmple
                0x0000f924                __aeabi_dcmpge
                0x0000f938                __aeabi_dcmpgt
 .text          0x0000f94c       0x2c d:/rt-threadstudio/repo/extract/toolchain_support_packages/arm/gnu_tools_for_arm_embedded_processors/10.2.1/bin/../lib/gcc/arm-none-eabi/10.2.1/thumb/v8-m.main+fp/hard\libgcc.a(_arm_unorddf2.o)
                0x0000f94c                __unorddf2
                0x0000f94c                __aeabi_dcmpun
 .text          0x0000f978       0x50 d:/rt-threadstudio/repo/extract/toolchain_support_packages/arm/gnu_tools_for_arm_embedded_processors/10.2.1/bin/../lib/gcc/arm-none-eabi/10.2.1/thumb/v8-m.main+fp/hard\libgcc.a(_arm_fixdfsi.o)
                0x0000f978                __aeabi_d2iz
                0x0000f978                __fixdfsi
 .text          0x0000f9c8       0x40 d:/rt-threadstudio/repo/extract/toolchain_support_packages/arm/gnu_tools_for_arm_embedded_processors/10.2.1/bin/../lib/gcc/arm-none-eabi/10.2.1/thumb/v8-m.main+fp/hard\libgcc.a(_arm_fixunsdfsi.o)
                0x0000f9c8                __aeabi_d2uiz
                0x0000f9c8                __fixunsdfsi
 *(.version)
 .version       0x0000fa08       0x50 ./ra/fsp/src/bsp/mcu/all/bsp_common.o
 *(.init)
 .init          0x0000fa58        0x4 d:/rt-threadstudio/repo/extract/toolchain_support_packages/arm/gnu_tools_for_arm_embedded_processors/10.2.1/bin/../lib/gcc/arm-none-eabi/10.2.1/thumb/v8-m.main+fp/hard/crti.o
                0x0000fa58                _init
 .init          0x0000fa5c        0x8 d:/rt-threadstudio/repo/extract/toolchain_support_packages/arm/gnu_tools_for_arm_embedded_processors/10.2.1/bin/../lib/gcc/arm-none-eabi/10.2.1/thumb/v8-m.main+fp/hard/crtn.o
 *(.fini)
 .fini          0x0000fa64        0x4 d:/rt-threadstudio/repo/extract/toolchain_support_packages/arm/gnu_tools_for_arm_embedded_processors/10.2.1/bin/../lib/gcc/arm-none-eabi/10.2.1/thumb/v8-m.main+fp/hard/crti.o
                0x0000fa64                _fini
 .fini          0x0000fa68        0x8 d:/rt-threadstudio/repo/extract/toolchain_support_packages/arm/gnu_tools_for_arm_embedded_processors/10.2.1/bin/../lib/gcc/arm-none-eabi/10.2.1/thumb/v8-m.main+fp/hard/crtn.o
                0x0000fa70                . = ALIGN (0x4)
                0x0000fa70                __fsymtab_start = .
 *(FSymTab)
 FSymTab        0x0000fa70       0x90 ./rt-thread/components/finsh/cmd.o
                0x0000fa70                __fsym_hello
                0x0000fa7c                __fsym_clear
                0x0000fa88                __fsym_version
                0x0000fa94                __fsym_list_thread
                0x0000faa0                __fsym_list_sem
                0x0000faac                __fsym_list_event
                0x0000fab8                __fsym_list_mutex
                0x0000fac4                __fsym_list_mailbox
                0x0000fad0                __fsym_list_msgqueue
                0x0000fadc                __fsym_list_timer
                0x0000fae8                __fsym_list_device
                0x0000faf4                __fsym_list
 FSymTab        0x0000fb00       0x24 ./rt-thread/components/finsh/msh.o
                0x0000fb00                __fsym_help
                0x0000fb0c                __fsym_ps
                0x0000fb18                __fsym_free
 FSymTab        0x0000fb24        0xc ./libraries/HAL_Drivers/drv_common.o
                0x0000fb24                __fsym_reboot
                0x0000fb30                __fsymtab_end = .
                0x0000fb30                . = ALIGN (0x4)
                0x0000fb30                __vsymtab_start = .
 *(VSymTab)
                0x0000fb30                __vsymtab_end = .
                0x0000fb30                . = ALIGN (0x4)
                0x0000fb30                __rt_init_start = .
 *(SORT_BY_NAME(.rti_fn*))
 .rti_fn.0      0x0000fb30        0x4 ./rt-thread/src/components.o
                0x0000fb30                __rt_init_rti_start
 .rti_fn.0.end  0x0000fb34        0x4 ./rt-thread/src/components.o
                0x0000fb34                __rt_init_rti_board_start
 .rti_fn.1.end  0x0000fb38        0x4 ./rt-thread/src/components.o
                0x0000fb38                __rt_init_rti_board_end
 .rti_fn.6      0x0000fb3c        0x4 ./rt-thread/components/finsh/shell.o
                0x0000fb3c                __rt_init_finsh_system_init
 .rti_fn.6.end  0x0000fb40        0x4 ./rt-thread/src/components.o
                0x0000fb40                __rt_init_rti_end
                0x0000fb44                __rt_init_end = .
                0x0000fb44                . = ALIGN (0x4)
 *(FalPartTable)
 *crtbegin.o(.ctors)
 *crtbegin?.o(.ctors)
 *(EXCLUDE_FILE(*crtend.o *crtend?.o) .ctors)
 *(SORT_BY_NAME(.ctors.*))
 *(.ctors)
 *crtbegin.o(.dtors)
 *crtbegin?.o(.dtors)
 *(EXCLUDE_FILE(*crtend.o *crtend?.o) .dtors)
 *(SORT_BY_NAME(.dtors.*))
 *(.dtors)
 *(.rodata*)
 .rodata.gImage_xingkong
                0x0000fb44     0x8000 ./src/hal_entry.o
                0x0000fb44                gImage_xingkong
 .rodata        0x00017b44       0xff ./src/hal_entry.o
 *fill*         0x00017c43        0x1 ff
 .rodata        0x00017c44       0x17 ./rt-thread/src/components.o
 *fill*         0x00017c5b        0x1 ff
 .rodata.__FUNCTION__.0
                0x00017c5c       0x14 ./rt-thread/src/components.o
 .rodata        0x00017c70       0xf4 ./rt-thread/src/device.o
 .rodata.__FUNCTION__.6
                0x00017d64        0xf ./rt-thread/src/device.o
 *fill*         0x00017d73        0x1 ff
 .rodata.__FUNCTION__.5
                0x00017d74       0x10 ./rt-thread/src/device.o
 .rodata.__FUNCTION__.4
                0x00017d84        0xf ./rt-thread/src/device.o
 *fill*         0x00017d93        0x1 ff
 .rodata.__FUNCTION__.3
                0x00017d94       0x10 ./rt-thread/src/device.o
 .rodata.__FUNCTION__.1
                0x00017da4       0x1a ./rt-thread/src/device.o
 *fill*         0x00017dbe        0x2 ff
 .rodata        0x00017dc0        0x8 ./rt-thread/src/idle.o
 .rodata        0x00017dc8      0x4de ./rt-thread/src/ipc.o
 *fill*         0x000182a6        0x2 ff
 .rodata.__FUNCTION__.37
                0x000182a8        0xc ./rt-thread/src/ipc.o
 .rodata.__FUNCTION__.33
                0x000182b4        0xc ./rt-thread/src/ipc.o
 .rodata.__FUNCTION__.32
                0x000182c0       0x12 ./rt-thread/src/ipc.o
 *fill*         0x000182d2        0x2 ff
 .rodata.__FUNCTION__.31
                0x000182d4        0xf ./rt-thread/src/ipc.o
 *fill*         0x000182e3        0x1 ff
 .rodata.__FUNCTION__.29
                0x000182e4        0xe ./rt-thread/src/ipc.o
 *fill*         0x000182f2        0x2 ff
 .rodata.__FUNCTION__.25
                0x000182f4        0xe ./rt-thread/src/ipc.o
 *fill*         0x00018302        0x2 ff
 .rodata.__FUNCTION__.24
                0x00018304       0x11 ./rt-thread/src/ipc.o
 *fill*         0x00018315        0x3 ff
 .rodata        0x00018318      0x107 ./rt-thread/src/kservice.o
 *fill*         0x0001841f        0x1 ff
 .rodata.large_digits.4
                0x00018420       0x11 ./rt-thread/src/kservice.o
 *fill*         0x00018431        0x3 ff
 .rodata.small_digits.3
                0x00018434       0x11 ./rt-thread/src/kservice.o
 *fill*         0x00018445        0x3 ff
 .rodata.__FUNCTION__.1
                0x00018448       0x14 ./rt-thread/src/kservice.o
 .rodata.__FUNCTION__.0
                0x0001845c        0xd ./rt-thread/src/kservice.o
 *fill*         0x00018469        0x3 ff
 .rodata        0x0001846c      0x41b ./rt-thread/src/mem.o
 *fill*         0x00018887        0x1 ff
 .rodata.__FUNCTION__.4
                0x00018888        0xb ./rt-thread/src/mem.o
 *fill*         0x00018893        0x1 ff
 .rodata.__FUNCTION__.2
                0x00018894        0xe ./rt-thread/src/mem.o
 *fill*         0x000188a2        0x2 ff
 .rodata.__FUNCTION__.0
                0x000188a4        0xd ./rt-thread/src/mem.o
 *fill*         0x000188b1        0x3 ff
 .rodata        0x000188b4       0x91 ./rt-thread/src/object.o
 *fill*         0x00018945        0x3 ff
 .rodata.__FUNCTION__.6
                0x00018948        0xf ./rt-thread/src/object.o
 *fill*         0x00018957        0x1 ff
 .rodata.__FUNCTION__.5
                0x00018958       0x11 ./rt-thread/src/object.o
 *fill*         0x00018969        0x3 ff
 .rodata.__FUNCTION__.4
                0x0001896c       0x13 ./rt-thread/src/object.o
 *fill*         0x0001897f        0x1 ff
 .rodata.__FUNCTION__.3
                0x00018980       0x11 ./rt-thread/src/object.o
 *fill*         0x00018991        0x3 ff
 .rodata.__FUNCTION__.2
                0x00018994       0x1a ./rt-thread/src/object.o
 *fill*         0x000189ae        0x2 ff
 .rodata.__FUNCTION__.1
                0x000189b0       0x13 ./rt-thread/src/object.o
 *fill*         0x000189c3        0x1 ff
 .rodata.__FUNCTION__.0
                0x000189c4        0xf ./rt-thread/src/object.o
 *fill*         0x000189d3        0x1 ff
 .rodata        0x000189d4       0x65 ./rt-thread/src/scheduler.o
 *fill*         0x00018a39        0x3 ff
 .rodata.__FUNCTION__.2
                0x00018a3c       0x1a ./rt-thread/src/scheduler.o
 *fill*         0x00018a56        0x2 ff
 .rodata.__FUNCTION__.1
                0x00018a58       0x1a ./rt-thread/src/scheduler.o
 *fill*         0x00018a72        0x2 ff
 .rodata.__FUNCTION__.0
                0x00018a74       0x1a ./rt-thread/src/scheduler.o
 *fill*         0x00018a8e        0x2 ff
 .rodata        0x00018a90      0x19f ./rt-thread/src/thread.o
 *fill*         0x00018c2f        0x1 ff
 .rodata.__FUNCTION__.10
                0x00018c30       0x10 ./rt-thread/src/thread.o
 .rodata.__FUNCTION__.9
                0x00018c40        0xd ./rt-thread/src/thread.o
 *fill*         0x00018c4d        0x3 ff
 .rodata.__FUNCTION__.8
                0x00018c50        0xf ./rt-thread/src/thread.o
 *fill*         0x00018c5f        0x1 ff
 .rodata.__FUNCTION__.7
                0x00018c60       0x12 ./rt-thread/src/thread.o
 *fill*         0x00018c72        0x2 ff
 .rodata.__FUNCTION__.6
                0x00018c74       0x11 ./rt-thread/src/thread.o
 *fill*         0x00018c85        0x3 ff
 .rodata.__FUNCTION__.5
                0x00018c88       0x11 ./rt-thread/src/thread.o
 *fill*         0x00018c99        0x3 ff
 .rodata.__FUNCTION__.4
                0x00018c9c       0x10 ./rt-thread/src/thread.o
 .rodata.__FUNCTION__.2
                0x00018cac       0x12 ./rt-thread/src/thread.o
 *fill*         0x00018cbe        0x2 ff
 .rodata.__FUNCTION__.1
                0x00018cc0       0x12 ./rt-thread/src/thread.o
 *fill*         0x00018cd2        0x2 ff
 .rodata.__FUNCTION__.0
                0x00018cd4       0x11 ./rt-thread/src/thread.o
 *fill*         0x00018ce5        0x3 ff
 .rodata        0x00018ce8       0xe6 ./rt-thread/src/timer.o
 *fill*         0x00018dce        0x2 ff
 .rodata.__FUNCTION__.7
                0x00018dd0        0xe ./rt-thread/src/timer.o
 *fill*         0x00018dde        0x2 ff
 .rodata.__FUNCTION__.6
                0x00018de0       0x10 ./rt-thread/src/timer.o
 .rodata.__FUNCTION__.3
                0x00018df0        0xf ./rt-thread/src/timer.o
 *fill*         0x00018dff        0x1 ff
 .rodata.__FUNCTION__.1
                0x00018e00        0xe ./rt-thread/src/timer.o
 *fill*         0x00018e0e        0x2 ff
 .rodata.__FUNCTION__.0
                0x00018e10       0x11 ./rt-thread/src/timer.o
 *fill*         0x00018e21        0x3 ff
 .rodata        0x00018e24      0x2ce ./rt-thread/libcpu/arm/cortex-m4/cpuport.o
 *fill*         0x000190f2        0x2 ff
 .rodata        0x000190f4      0x60d ./rt-thread/components/finsh/cmd.o
 *fill*         0x00019701        0x3 ff
 .rodata.name   0x00019704      0x1b8 ./rt-thread/components/finsh/cmd.o
                0x00019704                __fsym_hello_name
                0x0001970c                __fsym_hello_desc
                0x0001971c                __fsym_clear_name
                0x00019724                __fsym_clear_desc
                0x00019740                __fsym_version_name
                0x00019748                __fsym_version_desc
                0x00019770                __fsym_list_thread_name
                0x0001977c                __fsym_list_thread_desc
                0x00019788                __fsym_list_sem_name
                0x00019794                __fsym_list_sem_desc
                0x000197b0                __fsym_list_event_name
                0x000197bc                __fsym_list_event_desc
                0x000197d4                __fsym_list_mutex_name
                0x000197e0                __fsym_list_mutex_desc
                0x000197f8                __fsym_list_mailbox_name
                0x00019808                __fsym_list_mailbox_desc
                0x00019820                __fsym_list_msgqueue_name
                0x00019830                __fsym_list_msgqueue_desc
                0x00019850                __fsym_list_timer_name
                0x0001985c                __fsym_list_timer_desc
                0x00019874                __fsym_list_device_name
                0x00019880                __fsym_list_device_desc
                0x00019898                __fsym_list_name
                0x000198a0                __fsym_list_desc
 .rodata.device_type_str
                0x000198bc       0x64 ./rt-thread/components/finsh/cmd.o
 .rodata        0x00019920       0xa8 ./rt-thread/components/finsh/msh.o
 .rodata.name   0x000199c8       0x6d ./rt-thread/components/finsh/msh.o
                0x000199c8                __fsym_help_name
                0x000199d0                __fsym_help_desc
                0x000199e8                __fsym_ps_name
                0x000199ec                __fsym_ps_desc
                0x00019a08                __fsym_free_name
                0x00019a10                __fsym_free_desc
 *fill*         0x00019a35        0x3 ff
 .rodata.__FUNCTION__.0
                0x00019a38        0xe ./rt-thread/components/finsh/msh.o
 *fill*         0x00019a46        0x2 ff
 .rodata        0x00019a48       0x91 ./rt-thread/components/finsh/shell.o
 *fill*         0x00019ad9        0x3 ff
 .rodata.__FUNCTION__.6
                0x00019adc       0x16 ./rt-thread/components/finsh/shell.o
 *fill*         0x00019af2        0x2 ff
 .rodata.__FUNCTION__.5
                0x00019af4        0xe ./rt-thread/components/finsh/shell.o
 *fill*         0x00019b02        0x2 ff
 .rodata.__FUNCTION__.4
                0x00019b04        0xd ./rt-thread/components/finsh/shell.o
 *fill*         0x00019b11        0x3 ff
 .rodata.__FUNCTION__.3
                0x00019b14       0x11 ./rt-thread/components/finsh/shell.o
 *fill*         0x00019b25        0x3 ff
 .rodata        0x00019b28      0x18b ./rt-thread/components/drivers/serial/serial_v2.o
 *fill*         0x00019cb3        0x1 ff
 .rodata.__FUNCTION__.18
                0x00019cb4       0x1c ./rt-thread/components/drivers/serial/serial_v2.o
 .rodata.__FUNCTION__.17
                0x00019cd0       0x1c ./rt-thread/components/drivers/serial/serial_v2.o
 .rodata.__FUNCTION__.16
                0x00019cec       0x1d ./rt-thread/components/drivers/serial/serial_v2.o
 *fill*         0x00019d09        0x3 ff
 .rodata.__FUNCTION__.15
                0x00019d0c       0x10 ./rt-thread/components/drivers/serial/serial_v2.o
 .rodata.__FUNCTION__.14
                0x00019d1c       0x10 ./rt-thread/components/drivers/serial/serial_v2.o
 .rodata.__FUNCTION__.13
                0x00019d2c       0x10 ./rt-thread/components/drivers/serial/serial_v2.o
 .rodata.__FUNCTION__.12
                0x00019d3c       0x1e ./rt-thread/components/drivers/serial/serial_v2.o
 *fill*         0x00019d5a        0x2 ff
 .rodata.__FUNCTION__.11
                0x00019d5c       0x1d ./rt-thread/components/drivers/serial/serial_v2.o
 *fill*         0x00019d79        0x3 ff
 .rodata.__FUNCTION__.10
                0x00019d7c       0x1c ./rt-thread/components/drivers/serial/serial_v2.o
 .rodata.__FUNCTION__.9
                0x00019d98       0x14 ./rt-thread/components/drivers/serial/serial_v2.o
 .rodata.__FUNCTION__.8
                0x00019dac       0x14 ./rt-thread/components/drivers/serial/serial_v2.o
 .rodata.__FUNCTION__.7
                0x00019dc0       0x15 ./rt-thread/components/drivers/serial/serial_v2.o
 *fill*         0x00019dd5        0x3 ff
 .rodata.__FUNCTION__.6
                0x00019dd8       0x15 ./rt-thread/components/drivers/serial/serial_v2.o
 *fill*         0x00019ded        0x3 ff
 .rodata.__FUNCTION__.5
                0x00019df0        0xf ./rt-thread/components/drivers/serial/serial_v2.o
 *fill*         0x00019dff        0x1 ff
 .rodata.__FUNCTION__.4
                0x00019e00        0xf ./rt-thread/components/drivers/serial/serial_v2.o
 *fill*         0x00019e0f        0x1 ff
 .rodata.__FUNCTION__.3
                0x00019e10       0x10 ./rt-thread/components/drivers/serial/serial_v2.o
 .rodata.__FUNCTION__.2
                0x00019e20       0x12 ./rt-thread/components/drivers/serial/serial_v2.o
 *fill*         0x00019e32        0x2 ff
 .rodata.__FUNCTION__.1
                0x00019e34       0x16 ./rt-thread/components/drivers/serial/serial_v2.o
 *fill*         0x00019e4a        0x2 ff
 .rodata.__FUNCTION__.0
                0x00019e4c       0x11 ./rt-thread/components/drivers/serial/serial_v2.o
 *fill*         0x00019e5d        0x3 ff
 .rodata        0x00019e60       0x37 ./rt-thread/components/drivers/misc/pin.o
 *fill*         0x00019e97        0x1 ff
 .rodata.__FUNCTION__.9
                0x00019e98        0xa ./rt-thread/components/drivers/misc/pin.o
 *fill*         0x00019ea2        0x2 ff
 .rodata.__FUNCTION__.8
                0x00019ea4        0xb ./rt-thread/components/drivers/misc/pin.o
 *fill*         0x00019eaf        0x1 ff
 .rodata.__FUNCTION__.7
                0x00019eb0        0xd ./rt-thread/components/drivers/misc/pin.o
 *fill*         0x00019ebd        0x3 ff
 .rodata        0x00019ec0       0xd7 ./rt-thread/components/drivers/ipc/completion.o
 *fill*         0x00019f97        0x1 ff